14:05:42 **** Build of configuration Debug for project rescapt ****
make -j6 all 
Building file: ../src/vl6180x/vl6180x_lib.c
Invoking: MCU GCC Compiler
/home/e2021/e1marchi/Documents/Bus Can/WORKSPACE_RESCAPT_SW4STM32/rescapt/Debug
arm-none-eabi-gcc -mcpu=cortex-m3 -mthumb -mfloat-abi=soft -DSTM32 -DSTM32F1 -DSTM32F103RBTx -DNUCLEO_F103RB -DDEBUG -DSTM32F103xB -DUSE_HAL_DRIVER -I"/home/e2021/e1marchi/Documents/Bus Can/WORKSPACE_RESCAPT_SW4STM32/rescapt/HAL_Driver/Inc/Legacy" -I"/home/e2021/e1marchi/Documents/Bus Can/WORKSPACE_RESCAPT_SW4STM32/rescapt/src/vl6180x" -I"/home/e2021/e1marchi/Documents/Bus Can/WORKSPACE_RESCAPT_SW4STM32/rescapt/Utilities/STM32F1xx_Nucleo" -I"/home/e2021/e1marchi/Documents/Bus Can/WORKSPACE_RESCAPT_SW4STM32/rescapt/inc" -I"/home/e2021/e1marchi/Documents/Bus Can/WORKSPACE_RESCAPT_SW4STM32/rescapt/CMSIS/device" -I"/home/e2021/e1marchi/Documents/Bus Can/WORKSPACE_RESCAPT_SW4STM32/rescapt/CMSIS/core" -I"/home/e2021/e1marchi/Documents/Bus Can/WORKSPACE_RESCAPT_SW4STM32/rescapt/HAL_Driver/Inc" -O0 -g3 -Wall -fmessage-length=0 -ffunction-sections -c -MMD -MP -MF"src/vl6180x/vl6180x_lib.d" -MT"src/vl6180x/vl6180x_lib.o" -o "src/vl6180x/vl6180x_lib.o" "../src/vl6180x/vl6180x_lib.c"
Finished building: ../src/vl6180x/vl6180x_lib.c
 
Building target: rescapt.elf
Invoking: MCU GCC Linker
arm-none-eabi-gcc -mcpu=cortex-m3 -mthumb -mfloat-abi=soft -T"/home/e2021/e1marchi/Documents/Bus Can/WORKSPACE_RESCAPT_SW4STM32/rescapt/LinkerScript.ld" -Wl,-Map=output.map -Wl,--gc-sections -o "rescapt.elf" @"objects.list"   -lm
Finished building target: rescapt.elf
 
make --no-print-directory post-build
Generating binary and Printing size information:
arm-none-eabi-objcopy -O binary "rescapt.elf" "rescapt.bin"
arm-none-eabi-size "rescapt.elf"
   text	   data	    bss	    dec	    hex	filename
  63948	   2772	   2904	  69624	  10ff8	rescapt.elf
 
14:05:45 **** Incremental Build of configuration Debug for project rescapt ****
make -j6 all 
make: rien à faire pour « all ».
16:34:57 **** Incremental Build of configuration Debug for project rescapt ****
make -j6 all 
Building file: ../src/main.c
Invoking: MCU GCC Compiler
/home/e2021/e1marchi/Documents/Bus Can/WORKSPACE_RESCAPT_SW4STM32/rescapt/Debug
arm-none-eabi-gcc -mcpu=cortex-m3 -mthumb -mfloat-abi=soft -DSTM32 -DSTM32F1 -DSTM32F103RBTx -DNUCLEO_F103RB -DDEBUG -DSTM32F103xB -DUSE_HAL_DRIVER -I"/home/e2021/e1marchi/Documents/Bus Can/WORKSPACE_RESCAPT_SW4STM32/rescapt/HAL_Driver/Inc/Legacy" -I"/home/e2021/e1marchi/Documents/Bus Can/WORKSPACE_RESCAPT_SW4STM32/rescapt/src/vl6180x" -I"/home/e2021/e1marchi/Documents/Bus Can/WORKSPACE_RESCAPT_SW4STM32/rescapt/Utilities/STM32F1xx_Nucleo" -I"/home/e2021/e1marchi/Documents/Bus Can/WORKSPACE_RESCAPT_SW4STM32/rescapt/inc" -I"/home/e2021/e1marchi/Documents/Bus Can/WORKSPACE_RESCAPT_SW4STM32/rescapt/CMSIS/device" -I"/home/e2021/e1marchi/Documents/Bus Can/WORKSPACE_RESCAPT_SW4STM32/rescapt/CMSIS/core" -I"/home/e2021/e1marchi/Documents/Bus Can/WORKSPACE_RESCAPT_SW4STM32/rescapt/HAL_Driver/Inc" -O0 -g3 -Wall -fmessage-length=0 -ffunction-sections -c -MMD -MP -MF"src/main.d" -MT"src/main.o" -o "src/main.o" "../src/main.c"
../src/main.c: In function 'can_callback':
../src/main.c:135:6: warning: unused variable 'i' [-Wunused-variable]
  int i=0;
      ^
Finished building: ../src/main.c
 
Building target: rescapt.elf
Invoking: MCU GCC Linker
arm-none-eabi-gcc -mcpu=cortex-m3 -mthumb -mfloat-abi=soft -T"/home/e2021/e1marchi/Documents/Bus Can/WORKSPACE_RESCAPT_SW4STM32/rescapt/LinkerScript.ld" -Wl,-Map=output.map -Wl,--gc-sections -o "rescapt.elf" @"objects.list"   -lm
Finished building target: rescapt.elf
 
make --no-print-directory post-build
Generating binary and Printing size information:
arm-none-eabi-objcopy -O binary "rescapt.elf" "rescapt.bin"
arm-none-eabi-size "rescapt.elf"
   text	   data	    bss	    dec	    hex	filename
  63900	   2772	   2904	  69576	  10fc8	rescapt.elf
 
16:35:20 **** Incremental Build of configuration Debug for project rescapt ****
make -j6 all 
Building file: ../src/main.c
Invoking: MCU GCC Compiler
/home/e2021/e1marchi/Documents/Bus Can/WORKSPACE_RESCAPT_SW4STM32/rescapt/Debug
arm-none-eabi-gcc -mcpu=cortex-m3 -mthumb -mfloat-abi=soft -DSTM32 -DSTM32F1 -DSTM32F103RBTx -DNUCLEO_F103RB -DDEBUG -DSTM32F103xB -DUSE_HAL_DRIVER -I"/home/e2021/e1marchi/Documents/Bus Can/WORKSPACE_RESCAPT_SW4STM32/rescapt/HAL_Driver/Inc/Legacy" -I"/home/e2021/e1marchi/Documents/Bus Can/WORKSPACE_RESCAPT_SW4STM32/rescapt/src/vl6180x" -I"/home/e2021/e1marchi/Documents/Bus Can/WORKSPACE_RESCAPT_SW4STM32/rescapt/Utilities/STM32F1xx_Nucleo" -I"/home/e2021/e1marchi/Documents/Bus Can/WORKSPACE_RESCAPT_SW4STM32/rescapt/inc" -I"/home/e2021/e1marchi/Documents/Bus Can/WORKSPACE_RESCAPT_SW4STM32/rescapt/CMSIS/device" -I"/home/e2021/e1marchi/Documents/Bus Can/WORKSPACE_RESCAPT_SW4STM32/rescapt/CMSIS/core" -I"/home/e2021/e1marchi/Documents/Bus Can/WORKSPACE_RESCAPT_SW4STM32/rescapt/HAL_Driver/Inc" -O0 -g3 -Wall -fmessage-length=0 -ffunction-sections -c -MMD -MP -MF"src/main.d" -MT"src/main.o" -o "src/main.o" "../src/main.c"
Finished building: ../src/main.c
 
Building target: rescapt.elf
Invoking: MCU GCC Linker
arm-none-eabi-gcc -mcpu=cortex-m3 -mthumb -mfloat-abi=soft -T"/home/e2021/e1marchi/Documents/Bus Can/WORKSPACE_RESCAPT_SW4STM32/rescapt/LinkerScript.ld" -Wl,-Map=output.map -Wl,--gc-sections -o "rescapt.elf" @"objects.list"   -lm
Finished building target: rescapt.elf
 
make --no-print-directory post-build
Generating binary and Printing size information:
arm-none-eabi-objcopy -O binary "rescapt.elf" "rescapt.bin"
arm-none-eabi-size "rescapt.elf"
   text	   data	    bss	    dec	    hex	filename
  63892	   2772	   2904	  69568	  10fc0	rescapt.elf
 
16:39:16 **** Incremental Build of configuration Debug for project rescapt ****
make -j6 all 
make: rien à faire pour « all ».
17:09:11 **** Incremental Build of configuration Debug for project rescapt ****
make -j6 all 
Building file: ../src/main.c
Invoking: MCU GCC Compiler
/home/e2021/e1marchi/Documents/Bus Can/WORKSPACE_RESCAPT_SW4STM32/rescapt/Debug
arm-none-eabi-gcc -mcpu=cortex-m3 -mthumb -mfloat-abi=soft -DSTM32 -DSTM32F1 -DSTM32F103RBTx -DNUCLEO_F103RB -DDEBUG -DSTM32F103xB -DUSE_HAL_DRIVER -I"/home/e2021/e1marchi/Documents/Bus Can/WORKSPACE_RESCAPT_SW4STM32/rescapt/HAL_Driver/Inc/Legacy" -I"/home/e2021/e1marchi/Documents/Bus Can/WORKSPACE_RESCAPT_SW4STM32/rescapt/src/vl6180x" -I"/home/e2021/e1marchi/Documents/Bus Can/WORKSPACE_RESCAPT_SW4STM32/rescapt/Utilities/STM32F1xx_Nucleo" -I"/home/e2021/e1marchi/Documents/Bus Can/WORKSPACE_RESCAPT_SW4STM32/rescapt/inc" -I"/home/e2021/e1marchi/Documents/Bus Can/WORKSPACE_RESCAPT_SW4STM32/rescapt/CMSIS/device" -I"/home/e2021/e1marchi/Documents/Bus Can/WORKSPACE_RESCAPT_SW4STM32/rescapt/CMSIS/core" -I"/home/e2021/e1marchi/Documents/Bus Can/WORKSPACE_RESCAPT_SW4STM32/rescapt/HAL_Driver/Inc" -O0 -g3 -Wall -fmessage-length=0 -ffunction-sections -c -MMD -MP -MF"src/main.d" -MT"src/main.o" -o "src/main.o" "../src/main.c"
Finished building: ../src/main.c
 
Building target: rescapt.elf
Invoking: MCU GCC Linker
arm-none-eabi-gcc -mcpu=cortex-m3 -mthumb -mfloat-abi=soft -T"/home/e2021/e1marchi/Documents/Bus Can/WORKSPACE_RESCAPT_SW4STM32/rescapt/LinkerScript.ld" -Wl,-Map=output.map -Wl,--gc-sections -o "rescapt.elf" @"objects.list"   -lm
Finished building target: rescapt.elf
 
make --no-print-directory post-build
Generating binary and Printing size information:
arm-none-eabi-objcopy -O binary "rescapt.elf" "rescapt.bin"
arm-none-eabi-size "rescapt.elf"
   text	   data	    bss	    dec	    hex	filename
  63988	   2772	   2904	  69664	  11020	rescapt.elf
 
17:11:54 **** Incremental Build of configuration Debug for project rescapt ****
make -j6 all 
make: rien à faire pour « all ».
17:28:48 **** Incremental Build of configuration Debug for project rescapt ****
make -j6 all 
Building file: ../src/main.c
Invoking: MCU GCC Compiler
/home/e2021/e1marchi/Documents/Bus Can/WORKSPACE_RESCAPT_SW4STM32/rescapt/Debug
arm-none-eabi-gcc -mcpu=cortex-m3 -mthumb -mfloat-abi=soft -DSTM32 -DSTM32F1 -DSTM32F103RBTx -DNUCLEO_F103RB -DDEBUG -DSTM32F103xB -DUSE_HAL_DRIVER -I"/home/e2021/e1marchi/Documents/Bus Can/WORKSPACE_RESCAPT_SW4STM32/rescapt/HAL_Driver/Inc/Legacy" -I"/home/e2021/e1marchi/Documents/Bus Can/WORKSPACE_RESCAPT_SW4STM32/rescapt/src/vl6180x" -I"/home/e2021/e1marchi/Documents/Bus Can/WORKSPACE_RESCAPT_SW4STM32/rescapt/Utilities/STM32F1xx_Nucleo" -I"/home/e2021/e1marchi/Documents/Bus Can/WORKSPACE_RESCAPT_SW4STM32/rescapt/inc" -I"/home/e2021/e1marchi/Documents/Bus Can/WORKSPACE_RESCAPT_SW4STM32/rescapt/CMSIS/device" -I"/home/e2021/e1marchi/Documents/Bus Can/WORKSPACE_RESCAPT_SW4STM32/rescapt/CMSIS/core" -I"/home/e2021/e1marchi/Documents/Bus Can/WORKSPACE_RESCAPT_SW4STM32/rescapt/HAL_Driver/Inc" -O0 -g3 -Wall -fmessage-length=0 -ffunction-sections -c -MMD -MP -MF"src/main.d" -MT"src/main.o" -o "src/main.o" "../src/main.c"
Finished building: ../src/main.c
 
Building target: rescapt.elf
Invoking: MCU GCC Linker
arm-none-eabi-gcc -mcpu=cortex-m3 -mthumb -mfloat-abi=soft -T"/home/e2021/e1marchi/Documents/Bus Can/WORKSPACE_RESCAPT_SW4STM32/rescapt/LinkerScript.ld" -Wl,-Map=output.map -Wl,--gc-sections -o "rescapt.elf" @"objects.list"   -lm
Finished building target: rescapt.elf
 
make --no-print-directory post-build
Generating binary and Printing size information:
arm-none-eabi-objcopy -O binary "rescapt.elf" "rescapt.bin"
arm-none-eabi-size "rescapt.elf"
   text	   data	    bss	    dec	    hex	filename
  63988	   2772	   2904	  69664	  11020	rescapt.elf
 
17:34:46 **** Incremental Build of configuration Debug for project rescapt ****
make -j6 all 
Building file: ../src/vl6180x/vl6180x_lib.c
Invoking: MCU GCC Compiler
/home/e2021/e1marchi/Documents/Bus Can/WORKSPACE_RESCAPT_SW4STM32/rescapt/Debug
arm-none-eabi-gcc -mcpu=cortex-m3 -mthumb -mfloat-abi=soft -DSTM32 -DSTM32F1 -DSTM32F103RBTx -DNUCLEO_F103RB -DDEBUG -DSTM32F103xB -DUSE_HAL_DRIVER -I"/home/e2021/e1marchi/Documents/Bus Can/WORKSPACE_RESCAPT_SW4STM32/rescapt/HAL_Driver/Inc/Legacy" -I"/home/e2021/e1marchi/Documents/Bus Can/WORKSPACE_RESCAPT_SW4STM32/rescapt/src/vl6180x" -I"/home/e2021/e1marchi/Documents/Bus Can/WORKSPACE_RESCAPT_SW4STM32/rescapt/Utilities/STM32F1xx_Nucleo" -I"/home/e2021/e1marchi/Documents/Bus Can/WORKSPACE_RESCAPT_SW4STM32/rescapt/inc" -I"/home/e2021/e1marchi/Documents/Bus Can/WORKSPACE_RESCAPT_SW4STM32/rescapt/CMSIS/device" -I"/home/e2021/e1marchi/Documents/Bus Can/WORKSPACE_RESCAPT_SW4STM32/rescapt/CMSIS/core" -I"/home/e2021/e1marchi/Documents/Bus Can/WORKSPACE_RESCAPT_SW4STM32/rescapt/HAL_Driver/Inc" -O0 -g3 -Wall -fmessage-length=0 -ffunction-sections -c -MMD -MP -MF"src/vl6180x/vl6180x_lib.d" -MT"src/vl6180x/vl6180x_lib.o" -o "src/vl6180x/vl6180x_lib.o" "../src/vl6180x/vl6180x_lib.c"
Finished building: ../src/vl6180x/vl6180x_lib.c
 
Building target: rescapt.elf
Invoking: MCU GCC Linker
arm-none-eabi-gcc -mcpu=cortex-m3 -mthumb -mfloat-abi=soft -T"/home/e2021/e1marchi/Documents/Bus Can/WORKSPACE_RESCAPT_SW4STM32/rescapt/LinkerScript.ld" -Wl,-Map=output.map -Wl,--gc-sections -o "rescapt.elf" @"objects.list"   -lm
Finished building target: rescapt.elf
 
make --no-print-directory post-build
Generating binary and Printing size information:
arm-none-eabi-objcopy -O binary "rescapt.elf" "rescapt.bin"
arm-none-eabi-size "rescapt.elf"
   text	   data	    bss	    dec	    hex	filename
  64004	   2772	   2904	  69680	  11030	rescapt.elf
 
17:37:15 **** Incremental Build of configuration Debug for project rescapt ****
make -j6 all 
make: rien à faire pour « all ».
17:38:29 **** Incremental Build of configuration Debug for project rescapt ****
make -j6 all 
Building file: ../src/vl6180x/vl6180x_lib.c
Invoking: MCU GCC Compiler
/home/e2021/e1marchi/Documents/Bus Can/WORKSPACE_RESCAPT_SW4STM32/rescapt/Debug
arm-none-eabi-gcc -mcpu=cortex-m3 -mthumb -mfloat-abi=soft -DSTM32 -DSTM32F1 -DSTM32F103RBTx -DNUCLEO_F103RB -DDEBUG -DSTM32F103xB -DUSE_HAL_DRIVER -I"/home/e2021/e1marchi/Documents/Bus Can/WORKSPACE_RESCAPT_SW4STM32/rescapt/HAL_Driver/Inc/Legacy" -I"/home/e2021/e1marchi/Documents/Bus Can/WORKSPACE_RESCAPT_SW4STM32/rescapt/src/vl6180x" -I"/home/e2021/e1marchi/Documents/Bus Can/WORKSPACE_RESCAPT_SW4STM32/rescapt/Utilities/STM32F1xx_Nucleo" -I"/home/e2021/e1marchi/Documents/Bus Can/WORKSPACE_RESCAPT_SW4STM32/rescapt/inc" -I"/home/e2021/e1marchi/Documents/Bus Can/WORKSPACE_RESCAPT_SW4STM32/rescapt/CMSIS/device" -I"/home/e2021/e1marchi/Documents/Bus Can/WORKSPACE_RESCAPT_SW4STM32/rescapt/CMSIS/core" -I"/home/e2021/e1marchi/Documents/Bus Can/WORKSPACE_RESCAPT_SW4STM32/rescapt/HAL_Driver/Inc" -O0 -g3 -Wall -fmessage-length=0 -ffunction-sections -c -MMD -MP -MF"src/vl6180x/vl6180x_lib.d" -MT"src/vl6180x/vl6180x_lib.o" -o "src/vl6180x/vl6180x_lib.o" "../src/vl6180x/vl6180x_lib.c"
Finished building: ../src/vl6180x/vl6180x_lib.c
 
Building target: rescapt.elf
Invoking: MCU GCC Linker
arm-none-eabi-gcc -mcpu=cortex-m3 -mthumb -mfloat-abi=soft -T"/home/e2021/e1marchi/Documents/Bus Can/WORKSPACE_RESCAPT_SW4STM32/rescapt/LinkerScript.ld" -Wl,-Map=output.map -Wl,--gc-sections -o "rescapt.elf" @"objects.list"   -lm
Finished building target: rescapt.elf
 
make --no-print-directory post-build
Generating binary and Printing size information:
arm-none-eabi-objcopy -O binary "rescapt.elf" "rescapt.bin"
arm-none-eabi-size "rescapt.elf"
   text	   data	    bss	    dec	    hex	filename
  64004	   2772	   2904	  69680	  11030	rescapt.elf
 
17:39:40 **** Incremental Build of configuration Debug for project rescapt ****
make -j6 all 
Building file: ../src/vl6180x/vl6180x_lib.c
Invoking: MCU GCC Compiler
/home/e2021/e1marchi/Documents/Bus Can/WORKSPACE_RESCAPT_SW4STM32/rescapt/Debug
arm-none-eabi-gcc -mcpu=cortex-m3 -mthumb -mfloat-abi=soft -DSTM32 -DSTM32F1 -DSTM32F103RBTx -DNUCLEO_F103RB -DDEBUG -DSTM32F103xB -DUSE_HAL_DRIVER -I"/home/e2021/e1marchi/Documents/Bus Can/WORKSPACE_RESCAPT_SW4STM32/rescapt/HAL_Driver/Inc/Legacy" -I"/home/e2021/e1marchi/Documents/Bus Can/WORKSPACE_RESCAPT_SW4STM32/rescapt/src/vl6180x" -I"/home/e2021/e1marchi/Documents/Bus Can/WORKSPACE_RESCAPT_SW4STM32/rescapt/Utilities/STM32F1xx_Nucleo" -I"/home/e2021/e1marchi/Documents/Bus Can/WORKSPACE_RESCAPT_SW4STM32/rescapt/inc" -I"/home/e2021/e1marchi/Documents/Bus Can/WORKSPACE_RESCAPT_SW4STM32/rescapt/CMSIS/device" -I"/home/e2021/e1marchi/Documents/Bus Can/WORKSPACE_RESCAPT_SW4STM32/rescapt/CMSIS/core" -I"/home/e2021/e1marchi/Documents/Bus Can/WORKSPACE_RESCAPT_SW4STM32/rescapt/HAL_Driver/Inc" -O0 -g3 -Wall -fmessage-length=0 -ffunction-sections -c -MMD -MP -MF"src/vl6180x/vl6180x_lib.d" -MT"src/vl6180x/vl6180x_lib.o" -o "src/vl6180x/vl6180x_lib.o" "../src/vl6180x/vl6180x_lib.c"
Finished building: ../src/vl6180x/vl6180x_lib.c
 
Building target: rescapt.elf
Invoking: MCU GCC Linker
arm-none-eabi-gcc -mcpu=cortex-m3 -mthumb -mfloat-abi=soft -T"/home/e2021/e1marchi/Documents/Bus Can/WORKSPACE_RESCAPT_SW4STM32/rescapt/LinkerScript.ld" -Wl,-Map=output.map -Wl,--gc-sections -o "rescapt.elf" @"objects.list"   -lm
Finished building target: rescapt.elf
 
make --no-print-directory post-build
Generating binary and Printing size information:
arm-none-eabi-objcopy -O binary "rescapt.elf" "rescapt.bin"
arm-none-eabi-size "rescapt.elf"
   text	   data	    bss	    dec	    hex	filename
  63988	   2772	   2904	  69664	  11020	rescapt.elf
 
17:41:31 **** Incremental Build of configuration Debug for project rescapt ****
make -j6 all 
Building file: ../src/vl6180x/vl6180x_lib.c
Invoking: MCU GCC Compiler
/home/e2021/e1marchi/Documents/Bus Can/WORKSPACE_RESCAPT_SW4STM32/rescapt/Debug
arm-none-eabi-gcc -mcpu=cortex-m3 -mthumb -mfloat-abi=soft -DSTM32 -DSTM32F1 -DSTM32F103RBTx -DNUCLEO_F103RB -DDEBUG -DSTM32F103xB -DUSE_HAL_DRIVER -I"/home/e2021/e1marchi/Documents/Bus Can/WORKSPACE_RESCAPT_SW4STM32/rescapt/HAL_Driver/Inc/Legacy" -I"/home/e2021/e1marchi/Documents/Bus Can/WORKSPACE_RESCAPT_SW4STM32/rescapt/src/vl6180x" -I"/home/e2021/e1marchi/Documents/Bus Can/WORKSPACE_RESCAPT_SW4STM32/rescapt/Utilities/STM32F1xx_Nucleo" -I"/home/e2021/e1marchi/Documents/Bus Can/WORKSPACE_RESCAPT_SW4STM32/rescapt/inc" -I"/home/e2021/e1marchi/Documents/Bus Can/WORKSPACE_RESCAPT_SW4STM32/rescapt/CMSIS/device" -I"/home/e2021/e1marchi/Documents/Bus Can/WORKSPACE_RESCAPT_SW4STM32/rescapt/CMSIS/core" -I"/home/e2021/e1marchi/Documents/Bus Can/WORKSPACE_RESCAPT_SW4STM32/rescapt/HAL_Driver/Inc" -O0 -g3 -Wall -fmessage-length=0 -ffunction-sections -c -MMD -MP -MF"src/vl6180x/vl6180x_lib.d" -MT"src/vl6180x/vl6180x_lib.o" -o "src/vl6180x/vl6180x_lib.o" "../src/vl6180x/vl6180x_lib.c"
Finished building: ../src/vl6180x/vl6180x_lib.c
 
Building target: rescapt.elf
Invoking: MCU GCC Linker
arm-none-eabi-gcc -mcpu=cortex-m3 -mthumb -mfloat-abi=soft -T"/home/e2021/e1marchi/Documents/Bus Can/WORKSPACE_RESCAPT_SW4STM32/rescapt/LinkerScript.ld" -Wl,-Map=output.map -Wl,--gc-sections -o "rescapt.elf" @"objects.list"   -lm
Finished building target: rescapt.elf
 
make --no-print-directory post-build
Generating binary and Printing size information:
arm-none-eabi-objcopy -O binary "rescapt.elf" "rescapt.bin"
arm-none-eabi-size "rescapt.elf"
   text	   data	    bss	    dec	    hex	filename
  64004	   2772	   2904	  69680	  11030	rescapt.elf
 
17:43:29 **** Incremental Build of configuration Debug for project rescapt ****
make -j6 all 
Building file: ../src/vl6180x/vl6180x_lib.c
Invoking: MCU GCC Compiler
/home/e2021/e1marchi/Documents/Bus Can/WORKSPACE_RESCAPT_SW4STM32/rescapt/Debug
arm-none-eabi-gcc -mcpu=cortex-m3 -mthumb -mfloat-abi=soft -DSTM32 -DSTM32F1 -DSTM32F103RBTx -DNUCLEO_F103RB -DDEBUG -DSTM32F103xB -DUSE_HAL_DRIVER -I"/home/e2021/e1marchi/Documents/Bus Can/WORKSPACE_RESCAPT_SW4STM32/rescapt/HAL_Driver/Inc/Legacy" -I"/home/e2021/e1marchi/Documents/Bus Can/WORKSPACE_RESCAPT_SW4STM32/rescapt/src/vl6180x" -I"/home/e2021/e1marchi/Documents/Bus Can/WORKSPACE_RESCAPT_SW4STM32/rescapt/Utilities/STM32F1xx_Nucleo" -I"/home/e2021/e1marchi/Documents/Bus Can/WORKSPACE_RESCAPT_SW4STM32/rescapt/inc" -I"/home/e2021/e1marchi/Documents/Bus Can/WORKSPACE_RESCAPT_SW4STM32/rescapt/CMSIS/device" -I"/home/e2021/e1marchi/Documents/Bus Can/WORKSPACE_RESCAPT_SW4STM32/rescapt/CMSIS/core" -I"/home/e2021/e1marchi/Documents/Bus Can/WORKSPACE_RESCAPT_SW4STM32/rescapt/HAL_Driver/Inc" -O0 -g3 -Wall -fmessage-length=0 -ffunction-sections -c -MMD -MP -MF"src/vl6180x/vl6180x_lib.d" -MT"src/vl6180x/vl6180x_lib.o" -o "src/vl6180x/vl6180x_lib.o" "../src/vl6180x/vl6180x_lib.c"
Finished building: ../src/vl6180x/vl6180x_lib.c
 
Building target: rescapt.elf
Invoking: MCU GCC Linker
arm-none-eabi-gcc -mcpu=cortex-m3 -mthumb -mfloat-abi=soft -T"/home/e2021/e1marchi/Documents/Bus Can/WORKSPACE_RESCAPT_SW4STM32/rescapt/LinkerScript.ld" -Wl,-Map=output.map -Wl,--gc-sections -o "rescapt.elf" @"objects.list"   -lm
Finished building target: rescapt.elf
 
make --no-print-directory post-build
Generating binary and Printing size information:
arm-none-eabi-objcopy -O binary "rescapt.elf" "rescapt.bin"
arm-none-eabi-size "rescapt.elf"
   text	   data	    bss	    dec	    hex	filename
  63988	   2772	   2904	  69664	  11020	rescapt.elf
 
17:49:10 **** Incremental Build of configuration Debug for project rescapt ****
make -j6 all 
make: rien à faire pour « all ».
17:50:55 **** Incremental Build of configuration Debug for project rescapt ****
make -j6 all 
Building file: ../src/vl6180x/vl6180x_lib.c
Invoking: MCU GCC Compiler
/home/e2021/e1marchi/Documents/Bus Can/WORKSPACE_RESCAPT_SW4STM32/rescapt/Debug
arm-none-eabi-gcc -mcpu=cortex-m3 -mthumb -mfloat-abi=soft -DSTM32 -DSTM32F1 -DSTM32F103RBTx -DNUCLEO_F103RB -DDEBUG -DSTM32F103xB -DUSE_HAL_DRIVER -I"/home/e2021/e1marchi/Documents/Bus Can/WORKSPACE_RESCAPT_SW4STM32/rescapt/HAL_Driver/Inc/Legacy" -I"/home/e2021/e1marchi/Documents/Bus Can/WORKSPACE_RESCAPT_SW4STM32/rescapt/src/vl6180x" -I"/home/e2021/e1marchi/Documents/Bus Can/WORKSPACE_RESCAPT_SW4STM32/rescapt/Utilities/STM32F1xx_Nucleo" -I"/home/e2021/e1marchi/Documents/Bus Can/WORKSPACE_RESCAPT_SW4STM32/rescapt/inc" -I"/home/e2021/e1marchi/Documents/Bus Can/WORKSPACE_RESCAPT_SW4STM32/rescapt/CMSIS/device" -I"/home/e2021/e1marchi/Documents/Bus Can/WORKSPACE_RESCAPT_SW4STM32/rescapt/CMSIS/core" -I"/home/e2021/e1marchi/Documents/Bus Can/WORKSPACE_RESCAPT_SW4STM32/rescapt/HAL_Driver/Inc" -O0 -g3 -Wall -fmessage-length=0 -ffunction-sections -c -MMD -MP -MF"src/vl6180x/vl6180x_lib.d" -MT"src/vl6180x/vl6180x_lib.o" -o "src/vl6180x/vl6180x_lib.o" "../src/vl6180x/vl6180x_lib.c"
Finished building: ../src/vl6180x/vl6180x_lib.c
 
Building target: rescapt.elf
Invoking: MCU GCC Linker
arm-none-eabi-gcc -mcpu=cortex-m3 -mthumb -mfloat-abi=soft -T"/home/e2021/e1marchi/Documents/Bus Can/WORKSPACE_RESCAPT_SW4STM32/rescapt/LinkerScript.ld" -Wl,-Map=output.map -Wl,--gc-sections -o "rescapt.elf" @"objects.list"   -lm
Finished building target: rescapt.elf
 
make --no-print-directory post-build
Generating binary and Printing size information:
arm-none-eabi-objcopy -O binary "rescapt.elf" "rescapt.bin"
arm-none-eabi-size "rescapt.elf"
   text	   data	    bss	    dec	    hex	filename
  64004	   2772	   2904	  69680	  11030	rescapt.elf
 
14:35:44 **** Build of configuration Debug for project rescapt ****
make -j6 all 
make: rien à faire pour « all ».
14:40:19 **** Incremental Build of configuration Debug for project rescapt ****
make -j6 all 
Building file: ../src/main.c
Invoking: MCU GCC Compiler
/home/e2021/e1marchi/Documents/Bus Can/WORKSPACE_RESCAPT_SW4STM32/rescapt/Debug
arm-none-eabi-gcc -mcpu=cortex-m3 -mthumb -mfloat-abi=soft -DSTM32 -DSTM32F1 -DSTM32F103RBTx -DNUCLEO_F103RB -DDEBUG -DSTM32F103xB -DUSE_HAL_DRIVER -I"/home/e2021/e1marchi/Documents/Bus Can/WORKSPACE_RESCAPT_SW4STM32/rescapt/HAL_Driver/Inc/Legacy" -I"/home/e2021/e1marchi/Documents/Bus Can/WORKSPACE_RESCAPT_SW4STM32/rescapt/src/vl6180x" -I"/home/e2021/e1marchi/Documents/Bus Can/WORKSPACE_RESCAPT_SW4STM32/rescapt/Utilities/STM32F1xx_Nucleo" -I"/home/e2021/e1marchi/Documents/Bus Can/WORKSPACE_RESCAPT_SW4STM32/rescapt/inc" -I"/home/e2021/e1marchi/Documents/Bus Can/WORKSPACE_RESCAPT_SW4STM32/rescapt/CMSIS/device" -I"/home/e2021/e1marchi/Documents/Bus Can/WORKSPACE_RESCAPT_SW4STM32/rescapt/CMSIS/core" -I"/home/e2021/e1marchi/Documents/Bus Can/WORKSPACE_RESCAPT_SW4STM32/rescapt/HAL_Driver/Inc" -O0 -g3 -Wall -fmessage-length=0 -ffunction-sections -c -MMD -MP -MF"src/main.d" -MT"src/main.o" -o "src/main.o" "../src/main.c"
Finished building: ../src/main.c
 
Building target: rescapt.elf
Invoking: MCU GCC Linker
arm-none-eabi-gcc -mcpu=cortex-m3 -mthumb -mfloat-abi=soft -T"/home/e2021/e1marchi/Documents/Bus Can/WORKSPACE_RESCAPT_SW4STM32/rescapt/LinkerScript.ld" -Wl,-Map=output.map -Wl,--gc-sections -o "rescapt.elf" @"objects.list"   -lm
Finished building target: rescapt.elf
 
make --no-print-directory post-build
Generating binary and Printing size information:
arm-none-eabi-objcopy -O binary "rescapt.elf" "rescapt.bin"
arm-none-eabi-size "rescapt.elf"
   text	   data	    bss	    dec	    hex	filename
  64004	   2772	   2904	  69680	  11030	rescapt.elf
 
14:42:02 **** Incremental Build of configuration Debug for project rescapt ****
make -j6 all 
make: rien à faire pour « all ».
14:42:13 **** Incremental Build of configuration Debug for project rescapt ****
make -j6 all 
make: rien à faire pour « all ».
14:44:33 **** Incremental Build of configuration Debug for project rescapt ****
make -j6 all 
make: rien à faire pour « all ».
14:46:34 **** Incremental Build of configuration Debug for project rescapt ****
make -j6 all 
make: rien à faire pour « all ».
14:49:23 **** Incremental Build of configuration Debug for project rescapt ****
make -j6 all 
make: rien à faire pour « all ».
14:56:25 **** Incremental Build of configuration Debug for project rescapt ****
make -j6 all 
make: rien à faire pour « all ».
15:14:55 **** Incremental Build of configuration Debug for project rescapt ****
make -j6 all 
make: rien à faire pour « all ».
16:08:38 **** Incremental Build of configuration Debug for project rescapt ****
make -j6 all 
make: rien à faire pour « all ».
16:11:00 **** Incremental Build of configuration Debug for project rescapt ****
make -j6 all 
make: rien à faire pour « all ».
16:11:24 **** Incremental Build of configuration Debug for project rescapt ****
make -j6 all 
make: rien à faire pour « all ».
14:59:38 **** Incremental Build of configuration Debug for project rescapt ****
make -j6 all 
make: rien à faire pour « all ».
14:59:49 **** Incremental Build of configuration Debug for project rescapt ****
make -j6 all 
make: rien à faire pour « all ».
15:06:45 **** Incremental Build of configuration Debug for project rescapt ****
make -j6 all 
make: rien à faire pour « all ».
15:07:10 **** Incremental Build of configuration Debug for project rescapt ****
make -j6 all 
make: rien à faire pour « all ».
15:28:13 **** Build of configuration Debug for project rescapt ****
make -j6 all 
make: rien à faire pour « all ».
15:35:11 **** Build of configuration Debug for project rescapt ****
make -j6 all 
make: stat: /home/e2021/e1marchi/Documents/Bus Can/WORKSPACE_RESCAPT_SW4STM32/rescapt/inc/vl6180x_platform.h : Permission denied
make: stat: /home/e2021/e1marchi/Documents/Bus Can/WORKSPACE_RESCAPT_SW4STM32/rescapt/inc/vl6180x_appcfg.h : Permission denied
make: stat: /home/e2021/e1marchi/Documents/Bus Can/WORKSPACE_RESCAPT_SW4STM32/rescapt/src/vl6180x/vl6180x_def.h : Permission denied
make: stat: /home/e2021/e1marchi/Documents/Bus Can/WORKSPACE_RESCAPT_SW4STM32/rescapt/src/vl6180x/vl6180x_cfg.h : Permission denied
make: stat: /home/e2021/e1marchi/Documents/Bus Can/WORKSPACE_RESCAPT_SW4STM32/rescapt/src/vl6180x/../../inc/types.h : Permission denied
make: stat: /home/e2021/e1marchi/Documents/Bus Can/WORKSPACE_RESCAPT_SW4STM32/rescapt/inc/main.h : Permission denied
make: stat: /home/e2021/e1marchi/Documents/Bus Can/WORKSPACE_RESCAPT_SW4STM32/rescapt/HAL_Driver/Inc/stm32f1xx_hal.h : Permission denied
make: stat: /home/e2021/e1marchi/Documents/Bus Can/WORKSPACE_RESCAPT_SW4STM32/rescapt/HAL_Driver/Inc/stm32f1xx_hal_conf.h : Permission denied
make: stat: /home/e2021/e1marchi/Documents/Bus Can/WORKSPACE_RESCAPT_SW4STM32/rescapt/HAL_Driver/Inc/stm32f1xx_hal_rcc.h : Permission denied
make: stat: /home/e2021/e1marchi/Documents/Bus Can/WORKSPACE_RESCAPT_SW4STM32/rescapt/HAL_Driver/Inc/stm32f1xx_hal_def.h : Permission denied
make: stat: /home/e2021/e1marchi/Documents/Bus Can/WORKSPACE_RESCAPT_SW4STM32/rescapt/CMSIS/device/stm32f1xx.h : Permission denied
make: stat: /home/e2021/e1marchi/Documents/Bus Can/WORKSPACE_RESCAPT_SW4STM32/rescapt/CMSIS/device/stm32f103xb.h : Permission denied
make: stat: /home/e2021/e1marchi/Documents/Bus Can/WORKSPACE_RESCAPT_SW4STM32/rescapt/CMSIS/core/core_cm3.h : Permission denied
make: stat: /home/e2021/e1marchi/Documents/Bus Can/WORKSPACE_RESCAPT_SW4STM32/rescapt/CMSIS/core/core_cmInstr.h : Permission denied
make: stat: /home/e2021/e1marchi/Documents/Bus Can/WORKSPACE_RESCAPT_SW4STM32/rescapt/CMSIS/core/cmsis_gcc.h : Permission denied
make: stat: /home/e2021/e1marchi/Documents/Bus Can/WORKSPACE_RESCAPT_SW4STM32/rescapt/CMSIS/core/core_cmFunc.h : Permission denied
make: stat: /home/e2021/e1marchi/Documents/Bus Can/WORKSPACE_RESCAPT_SW4STM32/rescapt/CMSIS/device/system_stm32f1xx.h : Permission denied
make: stat: /home/e2021/e1marchi/Documents/Bus Can/WORKSPACE_RESCAPT_SW4STM32/rescapt/HAL_Driver/Inc/stm32f1xx_hal_rcc_ex.h : Permission denied
Building file: ../src/vl6180x/vl6180x_api.c
make: stat: /home/e2021/e1marchi/Documents/Bus Can/WORKSPACE_RESCAPT_SW4STM32/rescapt/HAL_Driver/Inc/stm32f1xx_hal_gpio.h : Permission denied
Building file: ../src/vl6180x/vl6180x_lib.c
make: stat: /home/e2021/e1marchi/Documents/Bus Can/WORKSPACE_RESCAPT_SW4STM32/rescapt/HAL_Driver/Inc/stm32f1xx_hal_gpio_ex.h : Permission denied
Invoking: MCU GCC Compiler
make: stat: /home/e2021/e1marchi/Documents/Bus Can/WORKSPACE_RESCAPT_SW4STM32/rescapt/HAL_Driver/Inc/stm32f1xx_hal_dma.h : Permission denied
make: stat: /home/e2021/e1marchi/Documents/Bus Can/WORKSPACE_RESCAPT_SW4STM32/rescapt/HAL_Driver/Inc/stm32f1xx_hal_dma_ex.h : Permission denied
make: stat: /home/e2021/e1marchi/Documents/Bus Can/WORKSPACE_RESCAPT_SW4STM32/rescapt/HAL_Driver/Inc/stm32f1xx_hal_eth.h : Permission denied
Invoking: MCU GCC Compiler
make: stat: /home/e2021/e1marchi/Documents/Bus Can/WORKSPACE_RESCAPT_SW4STM32/rescapt/HAL_Driver/Inc/stm32f1xx_hal_can.h : Permission denied
make: stat: /home/e2021/e1marchi/Documents/Bus Can/WORKSPACE_RESCAPT_SW4STM32/rescapt/HAL_Driver/Inc/stm32f1xx_hal_can_ex.h : Permission denied
make: stat: /home/e2021/e1marchi/Documents/Bus Can/WORKSPACE_RESCAPT_SW4STM32/rescapt/HAL_Driver/Inc/stm32f1xx_hal_cec.h : Permission denied
make: stat: /home/e2021/e1marchi/Documents/Bus Can/WORKSPACE_RESCAPT_SW4STM32/rescapt/HAL_Driver/Inc/stm32f1xx_hal_cortex.h : Permission denied
/home/e2021/j1saghbi/Bureau/RESEAU_CAPTEURS/PRJ Eduardo/WORKSPACE_RESCAPT_SW4STM32/rescapt/Debug
make: stat: /home/e2021/e1marchi/Documents/Bus Can/WORKSPACE_RESCAPT_SW4STM32/rescapt/HAL_Driver/Inc/stm32f1xx_hal_adc.h : Permission denied
/home/e2021/j1saghbi/Bureau/RESEAU_CAPTEURS/PRJ Eduardo/WORKSPACE_RESCAPT_SW4STM32/rescapt/Debug
make: stat: /home/e2021/e1marchi/Documents/Bus Can/WORKSPACE_RESCAPT_SW4STM32/rescapt/HAL_Driver/Inc/stm32f1xx_hal_adc_ex.h : Permission denied
arm-none-eabi-gcc -mcpu=cortex-m3 -mthumb -mfloat-abi=soft -DSTM32 -DSTM32F1 -DSTM32F103RBTx -DNUCLEO_F103RB -DDEBUG -DSTM32F103xB -DUSE_HAL_DRIVER -I"/home/e2021/j1saghbi/Bureau/RESEAU_CAPTEURS/PRJ Eduardo/WORKSPACE_RESCAPT_SW4STM32/rescapt/HAL_Driver/Inc/Legacy" -I"/home/e2021/j1saghbi/Bureau/RESEAU_CAPTEURS/PRJ Eduardo/WORKSPACE_RESCAPT_SW4STM32/rescapt/src/vl6180x" -I"/home/e2021/j1saghbi/Bureau/RESEAU_CAPTEURS/PRJ Eduardo/WORKSPACE_RESCAPT_SW4STM32/rescapt/Utilities/STM32F1xx_Nucleo" -I"/home/e2021/j1saghbi/Bureau/RESEAU_CAPTEURS/PRJ Eduardo/WORKSPACE_RESCAPT_SW4STM32/rescapt/inc" -I"/home/e2021/j1saghbi/Bureau/RESEAU_CAPTEURS/PRJ Eduardo/WORKSPACE_RESCAPT_SW4STM32/rescapt/CMSIS/device" -I"/home/e2021/j1saghbi/Bureau/RESEAU_CAPTEURS/PRJ Eduardo/WORKSPACE_RESCAPT_SW4STM32/rescapt/CMSIS/core" -I"/home/e2021/j1saghbi/Bureau/RESEAU_CAPTEURS/PRJ Eduardo/WORKSPACE_RESCAPT_SW4STM32/rescapt/HAL_Driver/Inc" -O0 -g3 -Wall -fmessage-length=0 -ffunction-sections -c -MMD -MP -MF"src/vl6180x/vl6180x_api.d" -MT"src/vl6180x/vl6180x_api.o" -o "src/vl6180x/vl6180x_api.o" "../src/vl6180x/vl6180x_api.c"
make: stat: /home/e2021/e1marchi/Documents/Bus Can/WORKSPACE_RESCAPT_SW4STM32/rescapt/HAL_Driver/Inc/stm32f1xx_hal_crc.h : Permission denied
make: stat: /home/e2021/e1marchi/Documents/Bus Can/WORKSPACE_RESCAPT_SW4STM32/rescapt/HAL_Driver/Inc/stm32f1xx_hal_dac.h : Permission denied
make: stat: /home/e2021/e1marchi/Documents/Bus Can/WORKSPACE_RESCAPT_SW4STM32/rescapt/HAL_Driver/Inc/stm32f1xx_hal_flash.h : Permission denied
make: stat: /home/e2021/e1marchi/Documents/Bus Can/WORKSPACE_RESCAPT_SW4STM32/rescapt/HAL_Driver/Inc/stm32f1xx_hal_flash_ex.h : Permission denied
arm-none-eabi-gcc -mcpu=cortex-m3 -mthumb -mfloat-abi=soft -DSTM32 -DSTM32F1 -DSTM32F103RBTx -DNUCLEO_F103RB -DDEBUG -DSTM32F103xB -DUSE_HAL_DRIVER -I"/home/e2021/j1saghbi/Bureau/RESEAU_CAPTEURS/PRJ Eduardo/WORKSPACE_RESCAPT_SW4STM32/rescapt/HAL_Driver/Inc/Legacy" -I"/home/e2021/j1saghbi/Bureau/RESEAU_CAPTEURS/PRJ Eduardo/WORKSPACE_RESCAPT_SW4STM32/rescapt/src/vl6180x" -I"/home/e2021/j1saghbi/Bureau/RESEAU_CAPTEURS/PRJ Eduardo/WORKSPACE_RESCAPT_SW4STM32/rescapt/Utilities/STM32F1xx_Nucleo" -I"/home/e2021/j1saghbi/Bureau/RESEAU_CAPTEURS/PRJ Eduardo/WORKSPACE_RESCAPT_SW4STM32/rescapt/inc" -I"/home/e2021/j1saghbi/Bureau/RESEAU_CAPTEURS/PRJ Eduardo/WORKSPACE_RESCAPT_SW4STM32/rescapt/CMSIS/device" -I"/home/e2021/j1saghbi/Bureau/RESEAU_CAPTEURS/PRJ Eduardo/WORKSPACE_RESCAPT_SW4STM32/rescapt/CMSIS/core" -I"/home/e2021/j1saghbi/Bureau/RESEAU_CAPTEURS/PRJ Eduardo/WORKSPACE_RESCAPT_SW4STM32/rescapt/HAL_Driver/Inc" -O0 -g3 -Wall -fmessage-length=0 -ffunction-sections -c -MMD -MP -MF"src/vl6180x/vl6180x_lib.d" -MT"src/vl6180x/vl6180x_lib.o" -o "src/vl6180x/vl6180x_lib.o" "../src/vl6180x/vl6180x_lib.c"
make: stat: /home/e2021/e1marchi/Documents/Bus Can/WORKSPACE_RESCAPT_SW4STM32/rescapt/HAL_Driver/Inc/stm32f1xx_hal_sram.h : Permission denied
make: stat: /home/e2021/e1marchi/Documents/Bus Can/WORKSPACE_RESCAPT_SW4STM32/rescapt/HAL_Driver/Inc/stm32f1xx_ll_fsmc.h : Permission denied
make: stat: /home/e2021/e1marchi/Documents/Bus Can/WORKSPACE_RESCAPT_SW4STM32/rescapt/HAL_Driver/Inc/stm32f1xx_hal_nor.h : Permission denied
make: stat: /home/e2021/e1marchi/Documents/Bus Can/WORKSPACE_RESCAPT_SW4STM32/rescapt/HAL_Driver/Inc/stm32f1xx_hal_i2c.h : Permission denied
make: stat: /home/e2021/e1marchi/Documents/Bus Can/WORKSPACE_RESCAPT_SW4STM32/rescapt/HAL_Driver/Inc/stm32f1xx_hal_i2s.h : Permission denied
make: stat: /home/e2021/e1marchi/Documents/Bus Can/WORKSPACE_RESCAPT_SW4STM32/rescapt/HAL_Driver/Inc/stm32f1xx_hal_iwdg.h : Permission denied
make: stat: /home/e2021/e1marchi/Documents/Bus Can/WORKSPACE_RESCAPT_SW4STM32/rescapt/HAL_Driver/Inc/stm32f1xx_hal_pwr.h : Permission denied
make: stat: /home/e2021/e1marchi/Documents/Bus Can/WORKSPACE_RESCAPT_SW4STM32/rescapt/HAL_Driver/Inc/stm32f1xx_hal_rtc.h : Permission denied
make: stat: /home/e2021/e1marchi/Documents/Bus Can/WORKSPACE_RESCAPT_SW4STM32/rescapt/HAL_Driver/Inc/stm32f1xx_hal_rtc_ex.h : Permission denied
make: stat: /home/e2021/e1marchi/Documents/Bus Can/WORKSPACE_RESCAPT_SW4STM32/rescapt/HAL_Driver/Inc/stm32f1xx_hal_pccard.h : Permission denied
make: stat: /home/e2021/e1marchi/Documents/Bus Can/WORKSPACE_RESCAPT_SW4STM32/rescapt/HAL_Driver/Inc/stm32f1xx_hal_sd.h : Permission denied
make: stat: /home/e2021/e1marchi/Documents/Bus Can/WORKSPACE_RESCAPT_SW4STM32/rescapt/HAL_Driver/Inc/stm32f1xx_hal_nand.h : Permission denied
make: stat: /home/e2021/e1marchi/Documents/Bus Can/WORKSPACE_RESCAPT_SW4STM32/rescapt/HAL_Driver/Inc/stm32f1xx_hal_spi.h : Permission denied
make: stat: /home/e2021/e1marchi/Documents/Bus Can/WORKSPACE_RESCAPT_SW4STM32/rescapt/HAL_Driver/Inc/stm32f1xx_hal_tim.h : Permission denied
make: stat: /home/e2021/e1marchi/Documents/Bus Can/WORKSPACE_RESCAPT_SW4STM32/rescapt/HAL_Driver/Inc/stm32f1xx_hal_tim_ex.h : Permission denied
Building file: ../src/vl6180x/x-nucleo-6180xa1.c
make: stat: /home/e2021/e1marchi/Documents/Bus Can/WORKSPACE_RESCAPT_SW4STM32/rescapt/HAL_Driver/Inc/stm32f1xx_hal_uart.h : Permission denied
Invoking: MCU GCC Compiler
make: stat: /home/e2021/e1marchi/Documents/Bus Can/WORKSPACE_RESCAPT_SW4STM32/rescapt/HAL_Driver/Inc/stm32f1xx_hal_usart.h : Permission denied
make: stat: /home/e2021/e1marchi/Documents/Bus Can/WORKSPACE_RESCAPT_SW4STM32/rescapt/HAL_Driver/Inc/stm32f1xx_hal_irda.h : Permission denied
make: stat: /home/e2021/e1marchi/Documents/Bus Can/WORKSPACE_RESCAPT_SW4STM32/rescapt/HAL_Driver/Inc/stm32f1xx_hal_smartcard.h : Permission denied
make: stat: /home/e2021/e1marchi/Documents/Bus Can/WORKSPACE_RESCAPT_SW4STM32/rescapt/HAL_Driver/Inc/stm32f1xx_hal_wwdg.h : Permission denied
make: stat: /home/e2021/e1marchi/Documents/Bus Can/WORKSPACE_RESCAPT_SW4STM32/rescapt/HAL_Driver/Inc/stm32f1xx_hal_pcd.h : Permission denied
make: stat: /home/e2021/e1marchi/Documents/Bus Can/WORKSPACE_RESCAPT_SW4STM32/rescapt/HAL_Driver/Inc/stm32f1xx_ll_usb.h : Permission denied
make: stat: /home/e2021/e1marchi/Documents/Bus Can/WORKSPACE_RESCAPT_SW4STM32/rescapt/HAL_Driver/Inc/stm32f1xx_hal_pcd_ex.h : Permission denied
make: stat: /home/e2021/e1marchi/Documents/Bus Can/WORKSPACE_RESCAPT_SW4STM32/rescapt/HAL_Driver/Inc/stm32f1xx_hal_hcd.h : Permission denied
make: stat: /home/e2021/e1marchi/Documents/Bus Can/WORKSPACE_RESCAPT_SW4STM32/rescapt/Utilities/STM32F1xx_Nucleo/stm32f1xx_nucleo.h : Permission denied
make: stat: /home/e2021/e1marchi/Documents/Bus Can/WORKSPACE_RESCAPT_SW4STM32/rescapt/inc/systemClock.h : Permission denied
make: stat: /home/e2021/e1marchi/Documents/Bus Can/WORKSPACE_RESCAPT_SW4STM32/rescapt/inc/can_bus_types.h : Permission denied
make: stat: /home/e2021/e1marchi/Documents/Bus Can/WORKSPACE_RESCAPT_SW4STM32/rescapt/inc/drv_can.h : Permission denied
make: stat: /home/e2021/e1marchi/Documents/Bus Can/WORKSPACE_RESCAPT_SW4STM32/rescapt/inc/drv_uart.h : Permission denied
/home/e2021/j1saghbi/Bureau/RESEAU_CAPTEURS/PRJ Eduardo/WORKSPACE_RESCAPT_SW4STM32/rescapt/Debug
make: stat: /home/e2021/e1marchi/Documents/Bus Can/WORKSPACE_RESCAPT_SW4STM32/rescapt/inc/drv_spi.h : Permission denied
arm-none-eabi-gcc -mcpu=cortex-m3 -mthumb -mfloat-abi=soft -DSTM32 -DSTM32F1 -DSTM32F103RBTx -DNUCLEO_F103RB -DDEBUG -DSTM32F103xB -DUSE_HAL_DRIVER -I"/home/e2021/j1saghbi/Bureau/RESEAU_CAPTEURS/PRJ Eduardo/WORKSPACE_RESCAPT_SW4STM32/rescapt/HAL_Driver/Inc/Legacy" -I"/home/e2021/j1saghbi/Bureau/RESEAU_CAPTEURS/PRJ Eduardo/WORKSPACE_RESCAPT_SW4STM32/rescapt/src/vl6180x" -I"/home/e2021/j1saghbi/Bureau/RESEAU_CAPTEURS/PRJ Eduardo/WORKSPACE_RESCAPT_SW4STM32/rescapt/Utilities/STM32F1xx_Nucleo" -I"/home/e2021/j1saghbi/Bureau/RESEAU_CAPTEURS/PRJ Eduardo/WORKSPACE_RESCAPT_SW4STM32/rescapt/inc" -I"/home/e2021/j1saghbi/Bureau/RESEAU_CAPTEURS/PRJ Eduardo/WORKSPACE_RESCAPT_SW4STM32/rescapt/CMSIS/device" -I"/home/e2021/j1saghbi/Bureau/RESEAU_CAPTEURS/PRJ Eduardo/WORKSPACE_RESCAPT_SW4STM32/rescapt/CMSIS/core" -I"/home/e2021/j1saghbi/Bureau/RESEAU_CAPTEURS/PRJ Eduardo/WORKSPACE_RESCAPT_SW4STM32/rescapt/HAL_Driver/Inc" -O0 -g3 -Wall -fmessage-length=0 -ffunction-sections -c -MMD -MP -MF"src/vl6180x/x-nucleo-6180xa1.d" -MT"src/vl6180x/x-nucleo-6180xa1.o" -o "src/vl6180x/x-nucleo-6180xa1.o" "../src/vl6180x/x-nucleo-6180xa1.c"
make: stat: /home/e2021/e1marchi/Documents/Bus Can/WORKSPACE_RESCAPT_SW4STM32/rescapt/inc/drv_i2c.h : Permission denied
make: stat: /home/e2021/e1marchi/Documents/Bus Can/WORKSPACE_RESCAPT_SW4STM32/rescapt/inc/config.h : Permission denied
make: stat: /home/e2021/e1marchi/Documents/Bus Can/WORKSPACE_RESCAPT_SW4STM32/rescapt/inc/tickTimer.h : Permission denied
make: stat: /home/e2021/e1marchi/Documents/Bus Can/WORKSPACE_RESCAPT_SW4STM32/rescapt/inc/anemo.h : Permission denied
make: stat: /home/e2021/e1marchi/Documents/Bus Can/WORKSPACE_RESCAPT_SW4STM32/rescapt/inc/mpu9250.h : Permission denied
make: stat: /home/e2021/e1marchi/Documents/Bus Can/WORKSPACE_RESCAPT_SW4STM32/rescapt/inc/types.h : Permission denied
Building file: ../src/anemo.c
make: stat: /home/e2021/e1marchi/Documents/Bus Can/WORKSPACE_RESCAPT_SW4STM32/rescapt/inc/dynamixel.h : Permission denied
make: stat: /home/e2021/e1marchi/Documents/Bus Can/WORKSPACE_RESCAPT_SW4STM32/rescapt/src/vl6180x/vl6180x_api.h : Permission denied
make: stat: /home/e2021/e1marchi/Documents/Bus Can/WORKSPACE_RESCAPT_SW4STM32/rescapt/src/vl6180x/vl6180x_lib.h : Permission denied
make: stat: /home/e2021/e1marchi/Documents/Bus Can/WORKSPACE_RESCAPT_SW4STM32/rescapt/src/vl6180x/x-nucleo-6180xa1.h : Permission denied
make: stat: /home/e2021/e1marchi/Documents/Bus Can/WORKSPACE_RESCAPT_SW4STM32/rescapt/inc/dec_to_hex.h : Permission denied
Building file: ../src/dec_to_hex.c
Invoking: MCU GCC Compiler
Building file: ../src/drv_can.c
Invoking: MCU GCC Compiler
/home/e2021/j1saghbi/Bureau/RESEAU_CAPTEURS/PRJ Eduardo/WORKSPACE_RESCAPT_SW4STM32/rescapt/Debug
Invoking: MCU GCC Compiler
/home/e2021/j1saghbi/Bureau/RESEAU_CAPTEURS/PRJ Eduardo/WORKSPACE_RESCAPT_SW4STM32/rescapt/Debug
arm-none-eabi-gcc -mcpu=cortex-m3 -mthumb -mfloat-abi=soft -DSTM32 -DSTM32F1 -DSTM32F103RBTx -DNUCLEO_F103RB -DDEBUG -DSTM32F103xB -DUSE_HAL_DRIVER -I"/home/e2021/j1saghbi/Bureau/RESEAU_CAPTEURS/PRJ Eduardo/WORKSPACE_RESCAPT_SW4STM32/rescapt/HAL_Driver/Inc/Legacy" -I"/home/e2021/j1saghbi/Bureau/RESEAU_CAPTEURS/PRJ Eduardo/WORKSPACE_RESCAPT_SW4STM32/rescapt/src/vl6180x" -I"/home/e2021/j1saghbi/Bureau/RESEAU_CAPTEURS/PRJ Eduardo/WORKSPACE_RESCAPT_SW4STM32/rescapt/Utilities/STM32F1xx_Nucleo" -I"/home/e2021/j1saghbi/Bureau/RESEAU_CAPTEURS/PRJ Eduardo/WORKSPACE_RESCAPT_SW4STM32/rescapt/inc" -I"/home/e2021/j1saghbi/Bureau/RESEAU_CAPTEURS/PRJ Eduardo/WORKSPACE_RESCAPT_SW4STM32/rescapt/CMSIS/device" -I"/home/e2021/j1saghbi/Bureau/RESEAU_CAPTEURS/PRJ Eduardo/WORKSPACE_RESCAPT_SW4STM32/rescapt/CMSIS/core" -I"/home/e2021/j1saghbi/Bureau/RESEAU_CAPTEURS/PRJ Eduardo/WORKSPACE_RESCAPT_SW4STM32/rescapt/HAL_Driver/Inc" -O0 -g3 -Wall -fmessage-length=0 -ffunction-sections -c -MMD -MP -MF"src/anemo.d" -MT"src/anemo.o" -o "src/anemo.o" "../src/anemo.c"
arm-none-eabi-gcc -mcpu=cortex-m3 -mthumb -mfloat-abi=soft -DSTM32 -DSTM32F1 -DSTM32F103RBTx -DNUCLEO_F103RB -DDEBUG -DSTM32F103xB -DUSE_HAL_DRIVER -I"/home/e2021/j1saghbi/Bureau/RESEAU_CAPTEURS/PRJ Eduardo/WORKSPACE_RESCAPT_SW4STM32/rescapt/HAL_Driver/Inc/Legacy" -I"/home/e2021/j1saghbi/Bureau/RESEAU_CAPTEURS/PRJ Eduardo/WORKSPACE_RESCAPT_SW4STM32/rescapt/src/vl6180x" -I"/home/e2021/j1saghbi/Bureau/RESEAU_CAPTEURS/PRJ Eduardo/WORKSPACE_RESCAPT_SW4STM32/rescapt/Utilities/STM32F1xx_Nucleo" -I"/home/e2021/j1saghbi/Bureau/RESEAU_CAPTEURS/PRJ Eduardo/WORKSPACE_RESCAPT_SW4STM32/rescapt/inc" -I"/home/e2021/j1saghbi/Bureau/RESEAU_CAPTEURS/PRJ Eduardo/WORKSPACE_RESCAPT_SW4STM32/rescapt/CMSIS/device" -I"/home/e2021/j1saghbi/Bureau/RESEAU_CAPTEURS/PRJ Eduardo/WORKSPACE_RESCAPT_SW4STM32/rescapt/CMSIS/core" -I"/home/e2021/j1saghbi/Bureau/RESEAU_CAPTEURS/PRJ Eduardo/WORKSPACE_RESCAPT_SW4STM32/rescapt/HAL_Driver/Inc" -O0 -g3 -Wall -fmessage-length=0 -ffunction-sections -c -MMD -MP -MF"src/dec_to_hex.d" -MT"src/dec_to_hex.o" -o "src/dec_to_hex.o" "../src/dec_to_hex.c"
/home/e2021/j1saghbi/Bureau/RESEAU_CAPTEURS/PRJ Eduardo/WORKSPACE_RESCAPT_SW4STM32/rescapt/Debug
arm-none-eabi-gcc -mcpu=cortex-m3 -mthumb -mfloat-abi=soft -DSTM32 -DSTM32F1 -DSTM32F103RBTx -DNUCLEO_F103RB -DDEBUG -DSTM32F103xB -DUSE_HAL_DRIVER -I"/home/e2021/j1saghbi/Bureau/RESEAU_CAPTEURS/PRJ Eduardo/WORKSPACE_RESCAPT_SW4STM32/rescapt/HAL_Driver/Inc/Legacy" -I"/home/e2021/j1saghbi/Bureau/RESEAU_CAPTEURS/PRJ Eduardo/WORKSPACE_RESCAPT_SW4STM32/rescapt/src/vl6180x" -I"/home/e2021/j1saghbi/Bureau/RESEAU_CAPTEURS/PRJ Eduardo/WORKSPACE_RESCAPT_SW4STM32/rescapt/Utilities/STM32F1xx_Nucleo" -I"/home/e2021/j1saghbi/Bureau/RESEAU_CAPTEURS/PRJ Eduardo/WORKSPACE_RESCAPT_SW4STM32/rescapt/inc" -I"/home/e2021/j1saghbi/Bureau/RESEAU_CAPTEURS/PRJ Eduardo/WORKSPACE_RESCAPT_SW4STM32/rescapt/CMSIS/device" -I"/home/e2021/j1saghbi/Bureau/RESEAU_CAPTEURS/PRJ Eduardo/WORKSPACE_RESCAPT_SW4STM32/rescapt/CMSIS/core" -I"/home/e2021/j1saghbi/Bureau/RESEAU_CAPTEURS/PRJ Eduardo/WORKSPACE_RESCAPT_SW4STM32/rescapt/HAL_Driver/Inc" -O0 -g3 -Wall -fmessage-length=0 -ffunction-sections -c -MMD -MP -MF"src/drv_can.d" -MT"src/drv_can.o" -o "src/drv_can.o" "../src/drv_can.c"
../src/dec_to_hex.c: In function 'decToHexa':
../src/dec_to_hex.c:38:1: warning: control reaches end of non-void function [-Wreturn-type]
 }
 ^
Finished building: ../src/dec_to_hex.c
 
Building file: ../src/drv_i2c.c
Invoking: MCU GCC Compiler
/home/e2021/j1saghbi/Bureau/RESEAU_CAPTEURS/PRJ Eduardo/WORKSPACE_RESCAPT_SW4STM32/rescapt/Debug
arm-none-eabi-gcc -mcpu=cortex-m3 -mthumb -mfloat-abi=soft -DSTM32 -DSTM32F1 -DSTM32F103RBTx -DNUCLEO_F103RB -DDEBUG -DSTM32F103xB -DUSE_HAL_DRIVER -I"/home/e2021/j1saghbi/Bureau/RESEAU_CAPTEURS/PRJ Eduardo/WORKSPACE_RESCAPT_SW4STM32/rescapt/HAL_Driver/Inc/Legacy" -I"/home/e2021/j1saghbi/Bureau/RESEAU_CAPTEURS/PRJ Eduardo/WORKSPACE_RESCAPT_SW4STM32/rescapt/src/vl6180x" -I"/home/e2021/j1saghbi/Bureau/RESEAU_CAPTEURS/PRJ Eduardo/WORKSPACE_RESCAPT_SW4STM32/rescapt/Utilities/STM32F1xx_Nucleo" -I"/home/e2021/j1saghbi/Bureau/RESEAU_CAPTEURS/PRJ Eduardo/WORKSPACE_RESCAPT_SW4STM32/rescapt/inc" -I"/home/e2021/j1saghbi/Bureau/RESEAU_CAPTEURS/PRJ Eduardo/WORKSPACE_RESCAPT_SW4STM32/rescapt/CMSIS/device" -I"/home/e2021/j1saghbi/Bureau/RESEAU_CAPTEURS/PRJ Eduardo/WORKSPACE_RESCAPT_SW4STM32/rescapt/CMSIS/core" -I"/home/e2021/j1saghbi/Bureau/RESEAU_CAPTEURS/PRJ Eduardo/WORKSPACE_RESCAPT_SW4STM32/rescapt/HAL_Driver/Inc" -O0 -g3 -Wall -fmessage-length=0 -ffunction-sections -c -MMD -MP -MF"src/drv_i2c.d" -MT"src/drv_i2c.o" -o "src/drv_i2c.o" "../src/drv_i2c.c"
Finished building: ../src/anemo.c
 
make: stat: /home/e2021/e1marchi/Documents/Bus Can/WORKSPACE_RESCAPT_SW4STM32/rescapt/inc/util.h : Permission denied
Building file: ../src/drv_spi.c
Invoking: MCU GCC Compiler
/home/e2021/j1saghbi/Bureau/RESEAU_CAPTEURS/PRJ Eduardo/WORKSPACE_RESCAPT_SW4STM32/rescapt/Debug
arm-none-eabi-gcc -mcpu=cortex-m3 -mthumb -mfloat-abi=soft -DSTM32 -DSTM32F1 -DSTM32F103RBTx -DNUCLEO_F103RB -DDEBUG -DSTM32F103xB -DUSE_HAL_DRIVER -I"/home/e2021/j1saghbi/Bureau/RESEAU_CAPTEURS/PRJ Eduardo/WORKSPACE_RESCAPT_SW4STM32/rescapt/HAL_Driver/Inc/Legacy" -I"/home/e2021/j1saghbi/Bureau/RESEAU_CAPTEURS/PRJ Eduardo/WORKSPACE_RESCAPT_SW4STM32/rescapt/src/vl6180x" -I"/home/e2021/j1saghbi/Bureau/RESEAU_CAPTEURS/PRJ Eduardo/WORKSPACE_RESCAPT_SW4STM32/rescapt/Utilities/STM32F1xx_Nucleo" -I"/home/e2021/j1saghbi/Bureau/RESEAU_CAPTEURS/PRJ Eduardo/WORKSPACE_RESCAPT_SW4STM32/rescapt/inc" -I"/home/e2021/j1saghbi/Bureau/RESEAU_CAPTEURS/PRJ Eduardo/WORKSPACE_RESCAPT_SW4STM32/rescapt/CMSIS/device" -I"/home/e2021/j1saghbi/Bureau/RESEAU_CAPTEURS/PRJ Eduardo/WORKSPACE_RESCAPT_SW4STM32/rescapt/CMSIS/core" -I"/home/e2021/j1saghbi/Bureau/RESEAU_CAPTEURS/PRJ Eduardo/WORKSPACE_RESCAPT_SW4STM32/rescapt/HAL_Driver/Inc" -O0 -g3 -Wall -fmessage-length=0 -ffunction-sections -c -MMD -MP -MF"src/drv_spi.d" -MT"src/drv_spi.o" -o "src/drv_spi.o" "../src/drv_spi.c"
Finished building: ../src/drv_can.c
 
Building file: ../src/drv_uart.c
Invoking: MCU GCC Compiler
/home/e2021/j1saghbi/Bureau/RESEAU_CAPTEURS/PRJ Eduardo/WORKSPACE_RESCAPT_SW4STM32/rescapt/Debug
arm-none-eabi-gcc -mcpu=cortex-m3 -mthumb -mfloat-abi=soft -DSTM32 -DSTM32F1 -DSTM32F103RBTx -DNUCLEO_F103RB -DDEBUG -DSTM32F103xB -DUSE_HAL_DRIVER -I"/home/e2021/j1saghbi/Bureau/RESEAU_CAPTEURS/PRJ Eduardo/WORKSPACE_RESCAPT_SW4STM32/rescapt/HAL_Driver/Inc/Legacy" -I"/home/e2021/j1saghbi/Bureau/RESEAU_CAPTEURS/PRJ Eduardo/WORKSPACE_RESCAPT_SW4STM32/rescapt/src/vl6180x" -I"/home/e2021/j1saghbi/Bureau/RESEAU_CAPTEURS/PRJ Eduardo/WORKSPACE_RESCAPT_SW4STM32/rescapt/Utilities/STM32F1xx_Nucleo" -I"/home/e2021/j1saghbi/Bureau/RESEAU_CAPTEURS/PRJ Eduardo/WORKSPACE_RESCAPT_SW4STM32/rescapt/inc" -I"/home/e2021/j1saghbi/Bureau/RESEAU_CAPTEURS/PRJ Eduardo/WORKSPACE_RESCAPT_SW4STM32/rescapt/CMSIS/device" -I"/home/e2021/j1saghbi/Bureau/RESEAU_CAPTEURS/PRJ Eduardo/WORKSPACE_RESCAPT_SW4STM32/rescapt/CMSIS/core" -I"/home/e2021/j1saghbi/Bureau/RESEAU_CAPTEURS/PRJ Eduardo/WORKSPACE_RESCAPT_SW4STM32/rescapt/HAL_Driver/Inc" -O0 -g3 -Wall -fmessage-length=0 -ffunction-sections -c -MMD -MP -MF"src/drv_uart.d" -MT"src/drv_uart.o" -o "src/drv_uart.o" "../src/drv_uart.c"
Finished building: ../src/vl6180x/x-nucleo-6180xa1.c
 
Building file: ../src/dynamixel.c
Invoking: MCU GCC Compiler
/home/e2021/j1saghbi/Bureau/RESEAU_CAPTEURS/PRJ Eduardo/WORKSPACE_RESCAPT_SW4STM32/rescapt/Debug
arm-none-eabi-gcc -mcpu=cortex-m3 -mthumb -mfloat-abi=soft -DSTM32 -DSTM32F1 -DSTM32F103RBTx -DNUCLEO_F103RB -DDEBUG -DSTM32F103xB -DUSE_HAL_DRIVER -I"/home/e2021/j1saghbi/Bureau/RESEAU_CAPTEURS/PRJ Eduardo/WORKSPACE_RESCAPT_SW4STM32/rescapt/HAL_Driver/Inc/Legacy" -I"/home/e2021/j1saghbi/Bureau/RESEAU_CAPTEURS/PRJ Eduardo/WORKSPACE_RESCAPT_SW4STM32/rescapt/src/vl6180x" -I"/home/e2021/j1saghbi/Bureau/RESEAU_CAPTEURS/PRJ Eduardo/WORKSPACE_RESCAPT_SW4STM32/rescapt/Utilities/STM32F1xx_Nucleo" -I"/home/e2021/j1saghbi/Bureau/RESEAU_CAPTEURS/PRJ Eduardo/WORKSPACE_RESCAPT_SW4STM32/rescapt/inc" -I"/home/e2021/j1saghbi/Bureau/RESEAU_CAPTEURS/PRJ Eduardo/WORKSPACE_RESCAPT_SW4STM32/rescapt/CMSIS/device" -I"/home/e2021/j1saghbi/Bureau/RESEAU_CAPTEURS/PRJ Eduardo/WORKSPACE_RESCAPT_SW4STM32/rescapt/CMSIS/core" -I"/home/e2021/j1saghbi/Bureau/RESEAU_CAPTEURS/PRJ Eduardo/WORKSPACE_RESCAPT_SW4STM32/rescapt/HAL_Driver/Inc" -O0 -g3 -Wall -fmessage-length=0 -ffunction-sections -c -MMD -MP -MF"src/dynamixel.d" -MT"src/dynamixel.o" -o "src/dynamixel.o" "../src/dynamixel.c"
Finished building: ../src/drv_i2c.c
 
Building file: ../src/main.c
Invoking: MCU GCC Compiler
/home/e2021/j1saghbi/Bureau/RESEAU_CAPTEURS/PRJ Eduardo/WORKSPACE_RESCAPT_SW4STM32/rescapt/Debug
arm-none-eabi-gcc -mcpu=cortex-m3 -mthumb -mfloat-abi=soft -DSTM32 -DSTM32F1 -DSTM32F103RBTx -DNUCLEO_F103RB -DDEBUG -DSTM32F103xB -DUSE_HAL_DRIVER -I"/home/e2021/j1saghbi/Bureau/RESEAU_CAPTEURS/PRJ Eduardo/WORKSPACE_RESCAPT_SW4STM32/rescapt/HAL_Driver/Inc/Legacy" -I"/home/e2021/j1saghbi/Bureau/RESEAU_CAPTEURS/PRJ Eduardo/WORKSPACE_RESCAPT_SW4STM32/rescapt/src/vl6180x" -I"/home/e2021/j1saghbi/Bureau/RESEAU_CAPTEURS/PRJ Eduardo/WORKSPACE_RESCAPT_SW4STM32/rescapt/Utilities/STM32F1xx_Nucleo" -I"/home/e2021/j1saghbi/Bureau/RESEAU_CAPTEURS/PRJ Eduardo/WORKSPACE_RESCAPT_SW4STM32/rescapt/inc" -I"/home/e2021/j1saghbi/Bureau/RESEAU_CAPTEURS/PRJ Eduardo/WORKSPACE_RESCAPT_SW4STM32/rescapt/CMSIS/device" -I"/home/e2021/j1saghbi/Bureau/RESEAU_CAPTEURS/PRJ Eduardo/WORKSPACE_RESCAPT_SW4STM32/rescapt/CMSIS/core" -I"/home/e2021/j1saghbi/Bureau/RESEAU_CAPTEURS/PRJ Eduardo/WORKSPACE_RESCAPT_SW4STM32/rescapt/HAL_Driver/Inc" -O0 -g3 -Wall -fmessage-length=0 -ffunction-sections -c -MMD -MP -MF"src/main.d" -MT"src/main.o" -o "src/main.o" "../src/main.c"
Finished building: ../src/vl6180x/vl6180x_lib.c
 
Building file: ../src/mpu9250.c
Invoking: MCU GCC Compiler
/home/e2021/j1saghbi/Bureau/RESEAU_CAPTEURS/PRJ Eduardo/WORKSPACE_RESCAPT_SW4STM32/rescapt/Debug
arm-none-eabi-gcc -mcpu=cortex-m3 -mthumb -mfloat-abi=soft -DSTM32 -DSTM32F1 -DSTM32F103RBTx -DNUCLEO_F103RB -DDEBUG -DSTM32F103xB -DUSE_HAL_DRIVER -I"/home/e2021/j1saghbi/Bureau/RESEAU_CAPTEURS/PRJ Eduardo/WORKSPACE_RESCAPT_SW4STM32/rescapt/HAL_Driver/Inc/Legacy" -I"/home/e2021/j1saghbi/Bureau/RESEAU_CAPTEURS/PRJ Eduardo/WORKSPACE_RESCAPT_SW4STM32/rescapt/src/vl6180x" -I"/home/e2021/j1saghbi/Bureau/RESEAU_CAPTEURS/PRJ Eduardo/WORKSPACE_RESCAPT_SW4STM32/rescapt/Utilities/STM32F1xx_Nucleo" -I"/home/e2021/j1saghbi/Bureau/RESEAU_CAPTEURS/PRJ Eduardo/WORKSPACE_RESCAPT_SW4STM32/rescapt/inc" -I"/home/e2021/j1saghbi/Bureau/RESEAU_CAPTEURS/PRJ Eduardo/WORKSPACE_RESCAPT_SW4STM32/rescapt/CMSIS/device" -I"/home/e2021/j1saghbi/Bureau/RESEAU_CAPTEURS/PRJ Eduardo/WORKSPACE_RESCAPT_SW4STM32/rescapt/CMSIS/core" -I"/home/e2021/j1saghbi/Bureau/RESEAU_CAPTEURS/PRJ Eduardo/WORKSPACE_RESCAPT_SW4STM32/rescapt/HAL_Driver/Inc" -O0 -g3 -Wall -fmessage-length=0 -ffunction-sections -c -MMD -MP -MF"src/mpu9250.d" -MT"src/mpu9250.o" -o "src/mpu9250.o" "../src/mpu9250.c"
Finished building: ../src/vl6180x/vl6180x_api.c
 
Building file: ../src/stm32f1xx_hal_msp.c
make: stat: /home/e2021/e1marchi/Documents/Bus Can/WORKSPACE_RESCAPT_SW4STM32/rescapt/inc/stm32f1xx_it.h : Permission denied
Invoking: MCU GCC Compiler
/home/e2021/j1saghbi/Bureau/RESEAU_CAPTEURS/PRJ Eduardo/WORKSPACE_RESCAPT_SW4STM32/rescapt/Debug
arm-none-eabi-gcc -mcpu=cortex-m3 -mthumb -mfloat-abi=soft -DSTM32 -DSTM32F1 -DSTM32F103RBTx -DNUCLEO_F103RB -DDEBUG -DSTM32F103xB -DUSE_HAL_DRIVER -I"/home/e2021/j1saghbi/Bureau/RESEAU_CAPTEURS/PRJ Eduardo/WORKSPACE_RESCAPT_SW4STM32/rescapt/HAL_Driver/Inc/Legacy" -I"/home/e2021/j1saghbi/Bureau/RESEAU_CAPTEURS/PRJ Eduardo/WORKSPACE_RESCAPT_SW4STM32/rescapt/src/vl6180x" -I"/home/e2021/j1saghbi/Bureau/RESEAU_CAPTEURS/PRJ Eduardo/WORKSPACE_RESCAPT_SW4STM32/rescapt/Utilities/STM32F1xx_Nucleo" -I"/home/e2021/j1saghbi/Bureau/RESEAU_CAPTEURS/PRJ Eduardo/WORKSPACE_RESCAPT_SW4STM32/rescapt/inc" -I"/home/e2021/j1saghbi/Bureau/RESEAU_CAPTEURS/PRJ Eduardo/WORKSPACE_RESCAPT_SW4STM32/rescapt/CMSIS/device" -I"/home/e2021/j1saghbi/Bureau/RESEAU_CAPTEURS/PRJ Eduardo/WORKSPACE_RESCAPT_SW4STM32/rescapt/CMSIS/core" -I"/home/e2021/j1saghbi/Bureau/RESEAU_CAPTEURS/PRJ Eduardo/WORKSPACE_RESCAPT_SW4STM32/rescapt/HAL_Driver/Inc" -O0 -g3 -Wall -fmessage-length=0 -ffunction-sections -c -MMD -MP -MF"src/stm32f1xx_hal_msp.d" -MT"src/stm32f1xx_hal_msp.o" -o "src/stm32f1xx_hal_msp.o" "../src/stm32f1xx_hal_msp.c"
Finished building: ../src/main.c
 
Building file: ../src/stm32f1xx_it.c
Invoking: MCU GCC Compiler
/home/e2021/j1saghbi/Bureau/RESEAU_CAPTEURS/PRJ Eduardo/WORKSPACE_RESCAPT_SW4STM32/rescapt/Debug
arm-none-eabi-gcc -mcpu=cortex-m3 -mthumb -mfloat-abi=soft -DSTM32 -DSTM32F1 -DSTM32F103RBTx -DNUCLEO_F103RB -DDEBUG -DSTM32F103xB -DUSE_HAL_DRIVER -I"/home/e2021/j1saghbi/Bureau/RESEAU_CAPTEURS/PRJ Eduardo/WORKSPACE_RESCAPT_SW4STM32/rescapt/HAL_Driver/Inc/Legacy" -I"/home/e2021/j1saghbi/Bureau/RESEAU_CAPTEURS/PRJ Eduardo/WORKSPACE_RESCAPT_SW4STM32/rescapt/src/vl6180x" -I"/home/e2021/j1saghbi/Bureau/RESEAU_CAPTEURS/PRJ Eduardo/WORKSPACE_RESCAPT_SW4STM32/rescapt/Utilities/STM32F1xx_Nucleo" -I"/home/e2021/j1saghbi/Bureau/RESEAU_CAPTEURS/PRJ Eduardo/WORKSPACE_RESCAPT_SW4STM32/rescapt/inc" -I"/home/e2021/j1saghbi/Bureau/RESEAU_CAPTEURS/PRJ Eduardo/WORKSPACE_RESCAPT_SW4STM32/rescapt/CMSIS/device" -I"/home/e2021/j1saghbi/Bureau/RESEAU_CAPTEURS/PRJ Eduardo/WORKSPACE_RESCAPT_SW4STM32/rescapt/CMSIS/core" -I"/home/e2021/j1saghbi/Bureau/RESEAU_CAPTEURS/PRJ Eduardo/WORKSPACE_RESCAPT_SW4STM32/rescapt/HAL_Driver/Inc" -O0 -g3 -Wall -fmessage-length=0 -ffunction-sections -c -MMD -MP -MF"src/stm32f1xx_it.d" -MT"src/stm32f1xx_it.o" -o "src/stm32f1xx_it.o" "../src/stm32f1xx_it.c"
Finished building: ../src/dynamixel.c
 
Building file: ../src/systemClock.c
Invoking: MCU GCC Compiler
/home/e2021/j1saghbi/Bureau/RESEAU_CAPTEURS/PRJ Eduardo/WORKSPACE_RESCAPT_SW4STM32/rescapt/Debug
arm-none-eabi-gcc -mcpu=cortex-m3 -mthumb -mfloat-abi=soft -DSTM32 -DSTM32F1 -DSTM32F103RBTx -DNUCLEO_F103RB -DDEBUG -DSTM32F103xB -DUSE_HAL_DRIVER -I"/home/e2021/j1saghbi/Bureau/RESEAU_CAPTEURS/PRJ Eduardo/WORKSPACE_RESCAPT_SW4STM32/rescapt/HAL_Driver/Inc/Legacy" -I"/home/e2021/j1saghbi/Bureau/RESEAU_CAPTEURS/PRJ Eduardo/WORKSPACE_RESCAPT_SW4STM32/rescapt/src/vl6180x" -I"/home/e2021/j1saghbi/Bureau/RESEAU_CAPTEURS/PRJ Eduardo/WORKSPACE_RESCAPT_SW4STM32/rescapt/Utilities/STM32F1xx_Nucleo" -I"/home/e2021/j1saghbi/Bureau/RESEAU_CAPTEURS/PRJ Eduardo/WORKSPACE_RESCAPT_SW4STM32/rescapt/inc" -I"/home/e2021/j1saghbi/Bureau/RESEAU_CAPTEURS/PRJ Eduardo/WORKSPACE_RESCAPT_SW4STM32/rescapt/CMSIS/device" -I"/home/e2021/j1saghbi/Bureau/RESEAU_CAPTEURS/PRJ Eduardo/WORKSPACE_RESCAPT_SW4STM32/rescapt/CMSIS/core" -I"/home/e2021/j1saghbi/Bureau/RESEAU_CAPTEURS/PRJ Eduardo/WORKSPACE_RESCAPT_SW4STM32/rescapt/HAL_Driver/Inc" -O0 -g3 -Wall -fmessage-length=0 -ffunction-sections -c -MMD -MP -MF"src/systemClock.d" -MT"src/systemClock.o" -o "src/systemClock.o" "../src/systemClock.c"
Finished building: ../src/drv_uart.c
 
Building file: ../src/system_stm32f1xx.c
Invoking: MCU GCC Compiler
/home/e2021/j1saghbi/Bureau/RESEAU_CAPTEURS/PRJ Eduardo/WORKSPACE_RESCAPT_SW4STM32/rescapt/Debug
arm-none-eabi-gcc -mcpu=cortex-m3 -mthumb -mfloat-abi=soft -DSTM32 -DSTM32F1 -DSTM32F103RBTx -DNUCLEO_F103RB -DDEBUG -DSTM32F103xB -DUSE_HAL_DRIVER -I"/home/e2021/j1saghbi/Bureau/RESEAU_CAPTEURS/PRJ Eduardo/WORKSPACE_RESCAPT_SW4STM32/rescapt/HAL_Driver/Inc/Legacy" -I"/home/e2021/j1saghbi/Bureau/RESEAU_CAPTEURS/PRJ Eduardo/WORKSPACE_RESCAPT_SW4STM32/rescapt/src/vl6180x" -I"/home/e2021/j1saghbi/Bureau/RESEAU_CAPTEURS/PRJ Eduardo/WORKSPACE_RESCAPT_SW4STM32/rescapt/Utilities/STM32F1xx_Nucleo" -I"/home/e2021/j1saghbi/Bureau/RESEAU_CAPTEURS/PRJ Eduardo/WORKSPACE_RESCAPT_SW4STM32/rescapt/inc" -I"/home/e2021/j1saghbi/Bureau/RESEAU_CAPTEURS/PRJ Eduardo/WORKSPACE_RESCAPT_SW4STM32/rescapt/CMSIS/device" -I"/home/e2021/j1saghbi/Bureau/RESEAU_CAPTEURS/PRJ Eduardo/WORKSPACE_RESCAPT_SW4STM32/rescapt/CMSIS/core" -I"/home/e2021/j1saghbi/Bureau/RESEAU_CAPTEURS/PRJ Eduardo/WORKSPACE_RESCAPT_SW4STM32/rescapt/HAL_Driver/Inc" -O0 -g3 -Wall -fmessage-length=0 -ffunction-sections -c -MMD -MP -MF"src/system_stm32f1xx.d" -MT"src/system_stm32f1xx.o" -o "src/system_stm32f1xx.o" "../src/system_stm32f1xx.c"
Finished building: ../src/drv_spi.c
 
Building file: ../src/tickTimer.c
Invoking: MCU GCC Compiler
/home/e2021/j1saghbi/Bureau/RESEAU_CAPTEURS/PRJ Eduardo/WORKSPACE_RESCAPT_SW4STM32/rescapt/Debug
arm-none-eabi-gcc -mcpu=cortex-m3 -mthumb -mfloat-abi=soft -DSTM32 -DSTM32F1 -DSTM32F103RBTx -DNUCLEO_F103RB -DDEBUG -DSTM32F103xB -DUSE_HAL_DRIVER -I"/home/e2021/j1saghbi/Bureau/RESEAU_CAPTEURS/PRJ Eduardo/WORKSPACE_RESCAPT_SW4STM32/rescapt/HAL_Driver/Inc/Legacy" -I"/home/e2021/j1saghbi/Bureau/RESEAU_CAPTEURS/PRJ Eduardo/WORKSPACE_RESCAPT_SW4STM32/rescapt/src/vl6180x" -I"/home/e2021/j1saghbi/Bureau/RESEAU_CAPTEURS/PRJ Eduardo/WORKSPACE_RESCAPT_SW4STM32/rescapt/Utilities/STM32F1xx_Nucleo" -I"/home/e2021/j1saghbi/Bureau/RESEAU_CAPTEURS/PRJ Eduardo/WORKSPACE_RESCAPT_SW4STM32/rescapt/inc" -I"/home/e2021/j1saghbi/Bureau/RESEAU_CAPTEURS/PRJ Eduardo/WORKSPACE_RESCAPT_SW4STM32/rescapt/CMSIS/device" -I"/home/e2021/j1saghbi/Bureau/RESEAU_CAPTEURS/PRJ Eduardo/WORKSPACE_RESCAPT_SW4STM32/rescapt/CMSIS/core" -I"/home/e2021/j1saghbi/Bureau/RESEAU_CAPTEURS/PRJ Eduardo/WORKSPACE_RESCAPT_SW4STM32/rescapt/HAL_Driver/Inc" -O0 -g3 -Wall -fmessage-length=0 -ffunction-sections -c -MMD -MP -MF"src/tickTimer.d" -MT"src/tickTimer.o" -o "src/tickTimer.o" "../src/tickTimer.c"
Finished building: ../src/stm32f1xx_hal_msp.c
Finished building: ../src/mpu9250.c
 
 
Building file: ../src/util.c
Building file: ../Utilities/STM32F1xx_Nucleo/stm32f1xx_nucleo.c
Invoking: MCU GCC Compiler
Invoking: MCU GCC Compiler
/home/e2021/j1saghbi/Bureau/RESEAU_CAPTEURS/PRJ Eduardo/WORKSPACE_RESCAPT_SW4STM32/rescapt/Debug
/home/e2021/j1saghbi/Bureau/RESEAU_CAPTEURS/PRJ Eduardo/WORKSPACE_RESCAPT_SW4STM32/rescapt/Debug
arm-none-eabi-gcc -mcpu=cortex-m3 -mthumb -mfloat-abi=soft -DSTM32 -DSTM32F1 -DSTM32F103RBTx -DNUCLEO_F103RB -DDEBUG -DSTM32F103xB -DUSE_HAL_DRIVER -I"/home/e2021/j1saghbi/Bureau/RESEAU_CAPTEURS/PRJ Eduardo/WORKSPACE_RESCAPT_SW4STM32/rescapt/HAL_Driver/Inc/Legacy" -I"/home/e2021/j1saghbi/Bureau/RESEAU_CAPTEURS/PRJ Eduardo/WORKSPACE_RESCAPT_SW4STM32/rescapt/src/vl6180x" -I"/home/e2021/j1saghbi/Bureau/RESEAU_CAPTEURS/PRJ Eduardo/WORKSPACE_RESCAPT_SW4STM32/rescapt/Utilities/STM32F1xx_Nucleo" -I"/home/e2021/j1saghbi/Bureau/RESEAU_CAPTEURS/PRJ Eduardo/WORKSPACE_RESCAPT_SW4STM32/rescapt/inc" -I"/home/e2021/j1saghbi/Bureau/RESEAU_CAPTEURS/PRJ Eduardo/WORKSPACE_RESCAPT_SW4STM32/rescapt/CMSIS/device" -I"/home/e2021/j1saghbi/Bureau/RESEAU_CAPTEURS/PRJ Eduardo/WORKSPACE_RESCAPT_SW4STM32/rescapt/CMSIS/core" -I"/home/e2021/j1saghbi/Bureau/RESEAU_CAPTEURS/PRJ Eduardo/WORKSPACE_RESCAPT_SW4STM32/rescapt/HAL_Driver/Inc" -O0 -g3 -Wall -fmessage-length=0 -ffunction-sections -c -MMD -MP -MF"src/util.d" -MT"src/util.o" -o "src/util.o" "../src/util.c"
arm-none-eabi-gcc -mcpu=cortex-m3 -mthumb -mfloat-abi=soft -DSTM32 -DSTM32F1 -DSTM32F103RBTx -DNUCLEO_F103RB -DDEBUG -DSTM32F103xB -DUSE_HAL_DRIVER -I"/home/e2021/j1saghbi/Bureau/RESEAU_CAPTEURS/PRJ Eduardo/WORKSPACE_RESCAPT_SW4STM32/rescapt/HAL_Driver/Inc/Legacy" -I"/home/e2021/j1saghbi/Bureau/RESEAU_CAPTEURS/PRJ Eduardo/WORKSPACE_RESCAPT_SW4STM32/rescapt/src/vl6180x" -I"/home/e2021/j1saghbi/Bureau/RESEAU_CAPTEURS/PRJ Eduardo/WORKSPACE_RESCAPT_SW4STM32/rescapt/Utilities/STM32F1xx_Nucleo" -I"/home/e2021/j1saghbi/Bureau/RESEAU_CAPTEURS/PRJ Eduardo/WORKSPACE_RESCAPT_SW4STM32/rescapt/inc" -I"/home/e2021/j1saghbi/Bureau/RESEAU_CAPTEURS/PRJ Eduardo/WORKSPACE_RESCAPT_SW4STM32/rescapt/CMSIS/device" -I"/home/e2021/j1saghbi/Bureau/RESEAU_CAPTEURS/PRJ Eduardo/WORKSPACE_RESCAPT_SW4STM32/rescapt/CMSIS/core" -I"/home/e2021/j1saghbi/Bureau/RESEAU_CAPTEURS/PRJ Eduardo/WORKSPACE_RESCAPT_SW4STM32/rescapt/HAL_Driver/Inc" -O0 -g3 -Wall -fmessage-length=0 -ffunction-sections -c -MMD -MP -MF"Utilities/STM32F1xx_Nucleo/stm32f1xx_nucleo.d" -MT"Utilities/STM32F1xx_Nucleo/stm32f1xx_nucleo.o" -o "Utilities/STM32F1xx_Nucleo/stm32f1xx_nucleo.o" "../Utilities/STM32F1xx_Nucleo/stm32f1xx_nucleo.c"
Finished building: ../src/system_stm32f1xx.c
 
Building file: ../HAL_Driver/Src/stm32f1xx_hal.c
Invoking: MCU GCC Compiler
/home/e2021/j1saghbi/Bureau/RESEAU_CAPTEURS/PRJ Eduardo/WORKSPACE_RESCAPT_SW4STM32/rescapt/Debug
arm-none-eabi-gcc -mcpu=cortex-m3 -mthumb -mfloat-abi=soft -DSTM32 -DSTM32F1 -DSTM32F103RBTx -DNUCLEO_F103RB -DDEBUG -DSTM32F103xB -DUSE_HAL_DRIVER -I"/home/e2021/j1saghbi/Bureau/RESEAU_CAPTEURS/PRJ Eduardo/WORKSPACE_RESCAPT_SW4STM32/rescapt/HAL_Driver/Inc/Legacy" -I"/home/e2021/j1saghbi/Bureau/RESEAU_CAPTEURS/PRJ Eduardo/WORKSPACE_RESCAPT_SW4STM32/rescapt/src/vl6180x" -I"/home/e2021/j1saghbi/Bureau/RESEAU_CAPTEURS/PRJ Eduardo/WORKSPACE_RESCAPT_SW4STM32/rescapt/Utilities/STM32F1xx_Nucleo" -I"/home/e2021/j1saghbi/Bureau/RESEAU_CAPTEURS/PRJ Eduardo/WORKSPACE_RESCAPT_SW4STM32/rescapt/inc" -I"/home/e2021/j1saghbi/Bureau/RESEAU_CAPTEURS/PRJ Eduardo/WORKSPACE_RESCAPT_SW4STM32/rescapt/CMSIS/device" -I"/home/e2021/j1saghbi/Bureau/RESEAU_CAPTEURS/PRJ Eduardo/WORKSPACE_RESCAPT_SW4STM32/rescapt/CMSIS/core" -I"/home/e2021/j1saghbi/Bureau/RESEAU_CAPTEURS/PRJ Eduardo/WORKSPACE_RESCAPT_SW4STM32/rescapt/HAL_Driver/Inc" -O0 -g3 -Wall -fmessage-length=0 -ffunction-sections -c -MMD -MP -MF"HAL_Driver/Src/stm32f1xx_hal.d" -MT"HAL_Driver/Src/stm32f1xx_hal.o" -o "HAL_Driver/Src/stm32f1xx_hal.o" "../HAL_Driver/Src/stm32f1xx_hal.c"
Finished building: ../Utilities/STM32F1xx_Nucleo/stm32f1xx_nucleo.c
 
Building file: ../HAL_Driver/Src/stm32f1xx_hal_adc.c
Invoking: MCU GCC Compiler
/home/e2021/j1saghbi/Bureau/RESEAU_CAPTEURS/PRJ Eduardo/WORKSPACE_RESCAPT_SW4STM32/rescapt/Debug
arm-none-eabi-gcc -mcpu=cortex-m3 -mthumb -mfloat-abi=soft -DSTM32 -DSTM32F1 -DSTM32F103RBTx -DNUCLEO_F103RB -DDEBUG -DSTM32F103xB -DUSE_HAL_DRIVER -I"/home/e2021/j1saghbi/Bureau/RESEAU_CAPTEURS/PRJ Eduardo/WORKSPACE_RESCAPT_SW4STM32/rescapt/HAL_Driver/Inc/Legacy" -I"/home/e2021/j1saghbi/Bureau/RESEAU_CAPTEURS/PRJ Eduardo/WORKSPACE_RESCAPT_SW4STM32/rescapt/src/vl6180x" -I"/home/e2021/j1saghbi/Bureau/RESEAU_CAPTEURS/PRJ Eduardo/WORKSPACE_RESCAPT_SW4STM32/rescapt/Utilities/STM32F1xx_Nucleo" -I"/home/e2021/j1saghbi/Bureau/RESEAU_CAPTEURS/PRJ Eduardo/WORKSPACE_RESCAPT_SW4STM32/rescapt/inc" -I"/home/e2021/j1saghbi/Bureau/RESEAU_CAPTEURS/PRJ Eduardo/WORKSPACE_RESCAPT_SW4STM32/rescapt/CMSIS/device" -I"/home/e2021/j1saghbi/Bureau/RESEAU_CAPTEURS/PRJ Eduardo/WORKSPACE_RESCAPT_SW4STM32/rescapt/CMSIS/core" -I"/home/e2021/j1saghbi/Bureau/RESEAU_CAPTEURS/PRJ Eduardo/WORKSPACE_RESCAPT_SW4STM32/rescapt/HAL_Driver/Inc" -O0 -g3 -Wall -fmessage-length=0 -ffunction-sections -c -MMD -MP -MF"HAL_Driver/Src/stm32f1xx_hal_adc.d" -MT"HAL_Driver/Src/stm32f1xx_hal_adc.o" -o "HAL_Driver/Src/stm32f1xx_hal_adc.o" "../HAL_Driver/Src/stm32f1xx_hal_adc.c"
Finished building: ../src/stm32f1xx_it.c
 
Building file: ../HAL_Driver/Src/stm32f1xx_hal_adc_ex.c
Invoking: MCU GCC Compiler
/home/e2021/j1saghbi/Bureau/RESEAU_CAPTEURS/PRJ Eduardo/WORKSPACE_RESCAPT_SW4STM32/rescapt/Debug
arm-none-eabi-gcc -mcpu=cortex-m3 -mthumb -mfloat-abi=soft -DSTM32 -DSTM32F1 -DSTM32F103RBTx -DNUCLEO_F103RB -DDEBUG -DSTM32F103xB -DUSE_HAL_DRIVER -I"/home/e2021/j1saghbi/Bureau/RESEAU_CAPTEURS/PRJ Eduardo/WORKSPACE_RESCAPT_SW4STM32/rescapt/HAL_Driver/Inc/Legacy" -I"/home/e2021/j1saghbi/Bureau/RESEAU_CAPTEURS/PRJ Eduardo/WORKSPACE_RESCAPT_SW4STM32/rescapt/src/vl6180x" -I"/home/e2021/j1saghbi/Bureau/RESEAU_CAPTEURS/PRJ Eduardo/WORKSPACE_RESCAPT_SW4STM32/rescapt/Utilities/STM32F1xx_Nucleo" -I"/home/e2021/j1saghbi/Bureau/RESEAU_CAPTEURS/PRJ Eduardo/WORKSPACE_RESCAPT_SW4STM32/rescapt/inc" -I"/home/e2021/j1saghbi/Bureau/RESEAU_CAPTEURS/PRJ Eduardo/WORKSPACE_RESCAPT_SW4STM32/rescapt/CMSIS/device" -I"/home/e2021/j1saghbi/Bureau/RESEAU_CAPTEURS/PRJ Eduardo/WORKSPACE_RESCAPT_SW4STM32/rescapt/CMSIS/core" -I"/home/e2021/j1saghbi/Bureau/RESEAU_CAPTEURS/PRJ Eduardo/WORKSPACE_RESCAPT_SW4STM32/rescapt/HAL_Driver/Inc" -O0 -g3 -Wall -fmessage-length=0 -ffunction-sections -c -MMD -MP -MF"HAL_Driver/Src/stm32f1xx_hal_adc_ex.d" -MT"HAL_Driver/Src/stm32f1xx_hal_adc_ex.o" -o "HAL_Driver/Src/stm32f1xx_hal_adc_ex.o" "../HAL_Driver/Src/stm32f1xx_hal_adc_ex.c"
Finished building: ../src/systemClock.c
 
Building file: ../HAL_Driver/Src/stm32f1xx_hal_can.c
Invoking: MCU GCC Compiler
/home/e2021/j1saghbi/Bureau/RESEAU_CAPTEURS/PRJ Eduardo/WORKSPACE_RESCAPT_SW4STM32/rescapt/Debug
arm-none-eabi-gcc -mcpu=cortex-m3 -mthumb -mfloat-abi=soft -DSTM32 -DSTM32F1 -DSTM32F103RBTx -DNUCLEO_F103RB -DDEBUG -DSTM32F103xB -DUSE_HAL_DRIVER -I"/home/e2021/j1saghbi/Bureau/RESEAU_CAPTEURS/PRJ Eduardo/WORKSPACE_RESCAPT_SW4STM32/rescapt/HAL_Driver/Inc/Legacy" -I"/home/e2021/j1saghbi/Bureau/RESEAU_CAPTEURS/PRJ Eduardo/WORKSPACE_RESCAPT_SW4STM32/rescapt/src/vl6180x" -I"/home/e2021/j1saghbi/Bureau/RESEAU_CAPTEURS/PRJ Eduardo/WORKSPACE_RESCAPT_SW4STM32/rescapt/Utilities/STM32F1xx_Nucleo" -I"/home/e2021/j1saghbi/Bureau/RESEAU_CAPTEURS/PRJ Eduardo/WORKSPACE_RESCAPT_SW4STM32/rescapt/inc" -I"/home/e2021/j1saghbi/Bureau/RESEAU_CAPTEURS/PRJ Eduardo/WORKSPACE_RESCAPT_SW4STM32/rescapt/CMSIS/device" -I"/home/e2021/j1saghbi/Bureau/RESEAU_CAPTEURS/PRJ Eduardo/WORKSPACE_RESCAPT_SW4STM32/rescapt/CMSIS/core" -I"/home/e2021/j1saghbi/Bureau/RESEAU_CAPTEURS/PRJ Eduardo/WORKSPACE_RESCAPT_SW4STM32/rescapt/HAL_Driver/Inc" -O0 -g3 -Wall -fmessage-length=0 -ffunction-sections -c -MMD -MP -MF"HAL_Driver/Src/stm32f1xx_hal_can.d" -MT"HAL_Driver/Src/stm32f1xx_hal_can.o" -o "HAL_Driver/Src/stm32f1xx_hal_can.o" "../HAL_Driver/Src/stm32f1xx_hal_can.c"
Finished building: ../src/tickTimer.c
 
Building file: ../HAL_Driver/Src/stm32f1xx_hal_cec.c
Invoking: MCU GCC Compiler
/home/e2021/j1saghbi/Bureau/RESEAU_CAPTEURS/PRJ Eduardo/WORKSPACE_RESCAPT_SW4STM32/rescapt/Debug
arm-none-eabi-gcc -mcpu=cortex-m3 -mthumb -mfloat-abi=soft -DSTM32 -DSTM32F1 -DSTM32F103RBTx -DNUCLEO_F103RB -DDEBUG -DSTM32F103xB -DUSE_HAL_DRIVER -I"/home/e2021/j1saghbi/Bureau/RESEAU_CAPTEURS/PRJ Eduardo/WORKSPACE_RESCAPT_SW4STM32/rescapt/HAL_Driver/Inc/Legacy" -I"/home/e2021/j1saghbi/Bureau/RESEAU_CAPTEURS/PRJ Eduardo/WORKSPACE_RESCAPT_SW4STM32/rescapt/src/vl6180x" -I"/home/e2021/j1saghbi/Bureau/RESEAU_CAPTEURS/PRJ Eduardo/WORKSPACE_RESCAPT_SW4STM32/rescapt/Utilities/STM32F1xx_Nucleo" -I"/home/e2021/j1saghbi/Bureau/RESEAU_CAPTEURS/PRJ Eduardo/WORKSPACE_RESCAPT_SW4STM32/rescapt/inc" -I"/home/e2021/j1saghbi/Bureau/RESEAU_CAPTEURS/PRJ Eduardo/WORKSPACE_RESCAPT_SW4STM32/rescapt/CMSIS/device" -I"/home/e2021/j1saghbi/Bureau/RESEAU_CAPTEURS/PRJ Eduardo/WORKSPACE_RESCAPT_SW4STM32/rescapt/CMSIS/core" -I"/home/e2021/j1saghbi/Bureau/RESEAU_CAPTEURS/PRJ Eduardo/WORKSPACE_RESCAPT_SW4STM32/rescapt/HAL_Driver/Inc" -O0 -g3 -Wall -fmessage-length=0 -ffunction-sections -c -MMD -MP -MF"HAL_Driver/Src/stm32f1xx_hal_cec.d" -MT"HAL_Driver/Src/stm32f1xx_hal_cec.o" -o "HAL_Driver/Src/stm32f1xx_hal_cec.o" "../HAL_Driver/Src/stm32f1xx_hal_cec.c"
Finished building: ../src/util.c
 
Building file: ../HAL_Driver/Src/stm32f1xx_hal_cortex.c
Invoking: MCU GCC Compiler
/home/e2021/j1saghbi/Bureau/RESEAU_CAPTEURS/PRJ Eduardo/WORKSPACE_RESCAPT_SW4STM32/rescapt/Debug
arm-none-eabi-gcc -mcpu=cortex-m3 -mthumb -mfloat-abi=soft -DSTM32 -DSTM32F1 -DSTM32F103RBTx -DNUCLEO_F103RB -DDEBUG -DSTM32F103xB -DUSE_HAL_DRIVER -I"/home/e2021/j1saghbi/Bureau/RESEAU_CAPTEURS/PRJ Eduardo/WORKSPACE_RESCAPT_SW4STM32/rescapt/HAL_Driver/Inc/Legacy" -I"/home/e2021/j1saghbi/Bureau/RESEAU_CAPTEURS/PRJ Eduardo/WORKSPACE_RESCAPT_SW4STM32/rescapt/src/vl6180x" -I"/home/e2021/j1saghbi/Bureau/RESEAU_CAPTEURS/PRJ Eduardo/WORKSPACE_RESCAPT_SW4STM32/rescapt/Utilities/STM32F1xx_Nucleo" -I"/home/e2021/j1saghbi/Bureau/RESEAU_CAPTEURS/PRJ Eduardo/WORKSPACE_RESCAPT_SW4STM32/rescapt/inc" -I"/home/e2021/j1saghbi/Bureau/RESEAU_CAPTEURS/PRJ Eduardo/WORKSPACE_RESCAPT_SW4STM32/rescapt/CMSIS/device" -I"/home/e2021/j1saghbi/Bureau/RESEAU_CAPTEURS/PRJ Eduardo/WORKSPACE_RESCAPT_SW4STM32/rescapt/CMSIS/core" -I"/home/e2021/j1saghbi/Bureau/RESEAU_CAPTEURS/PRJ Eduardo/WORKSPACE_RESCAPT_SW4STM32/rescapt/HAL_Driver/Inc" -O0 -g3 -Wall -fmessage-length=0 -ffunction-sections -c -MMD -MP -MF"HAL_Driver/Src/stm32f1xx_hal_cortex.d" -MT"HAL_Driver/Src/stm32f1xx_hal_cortex.o" -o "HAL_Driver/Src/stm32f1xx_hal_cortex.o" "../HAL_Driver/Src/stm32f1xx_hal_cortex.c"
Finished building: ../HAL_Driver/Src/stm32f1xx_hal.c
 
Building file: ../HAL_Driver/Src/stm32f1xx_hal_crc.c
Invoking: MCU GCC Compiler
/home/e2021/j1saghbi/Bureau/RESEAU_CAPTEURS/PRJ Eduardo/WORKSPACE_RESCAPT_SW4STM32/rescapt/Debug
arm-none-eabi-gcc -mcpu=cortex-m3 -mthumb -mfloat-abi=soft -DSTM32 -DSTM32F1 -DSTM32F103RBTx -DNUCLEO_F103RB -DDEBUG -DSTM32F103xB -DUSE_HAL_DRIVER -I"/home/e2021/j1saghbi/Bureau/RESEAU_CAPTEURS/PRJ Eduardo/WORKSPACE_RESCAPT_SW4STM32/rescapt/HAL_Driver/Inc/Legacy" -I"/home/e2021/j1saghbi/Bureau/RESEAU_CAPTEURS/PRJ Eduardo/WORKSPACE_RESCAPT_SW4STM32/rescapt/src/vl6180x" -I"/home/e2021/j1saghbi/Bureau/RESEAU_CAPTEURS/PRJ Eduardo/WORKSPACE_RESCAPT_SW4STM32/rescapt/Utilities/STM32F1xx_Nucleo" -I"/home/e2021/j1saghbi/Bureau/RESEAU_CAPTEURS/PRJ Eduardo/WORKSPACE_RESCAPT_SW4STM32/rescapt/inc" -I"/home/e2021/j1saghbi/Bureau/RESEAU_CAPTEURS/PRJ Eduardo/WORKSPACE_RESCAPT_SW4STM32/rescapt/CMSIS/device" -I"/home/e2021/j1saghbi/Bureau/RESEAU_CAPTEURS/PRJ Eduardo/WORKSPACE_RESCAPT_SW4STM32/rescapt/CMSIS/core" -I"/home/e2021/j1saghbi/Bureau/RESEAU_CAPTEURS/PRJ Eduardo/WORKSPACE_RESCAPT_SW4STM32/rescapt/HAL_Driver/Inc" -O0 -g3 -Wall -fmessage-length=0 -ffunction-sections -c -MMD -MP -MF"HAL_Driver/Src/stm32f1xx_hal_crc.d" -MT"HAL_Driver/Src/stm32f1xx_hal_crc.o" -o "HAL_Driver/Src/stm32f1xx_hal_crc.o" "../HAL_Driver/Src/stm32f1xx_hal_crc.c"
Finished building: ../HAL_Driver/Src/stm32f1xx_hal_cec.c
 
Building file: ../HAL_Driver/Src/stm32f1xx_hal_dac.c
Invoking: MCU GCC Compiler
/home/e2021/j1saghbi/Bureau/RESEAU_CAPTEURS/PRJ Eduardo/WORKSPACE_RESCAPT_SW4STM32/rescapt/Debug
arm-none-eabi-gcc -mcpu=cortex-m3 -mthumb -mfloat-abi=soft -DSTM32 -DSTM32F1 -DSTM32F103RBTx -DNUCLEO_F103RB -DDEBUG -DSTM32F103xB -DUSE_HAL_DRIVER -I"/home/e2021/j1saghbi/Bureau/RESEAU_CAPTEURS/PRJ Eduardo/WORKSPACE_RESCAPT_SW4STM32/rescapt/HAL_Driver/Inc/Legacy" -I"/home/e2021/j1saghbi/Bureau/RESEAU_CAPTEURS/PRJ Eduardo/WORKSPACE_RESCAPT_SW4STM32/rescapt/src/vl6180x" -I"/home/e2021/j1saghbi/Bureau/RESEAU_CAPTEURS/PRJ Eduardo/WORKSPACE_RESCAPT_SW4STM32/rescapt/Utilities/STM32F1xx_Nucleo" -I"/home/e2021/j1saghbi/Bureau/RESEAU_CAPTEURS/PRJ Eduardo/WORKSPACE_RESCAPT_SW4STM32/rescapt/inc" -I"/home/e2021/j1saghbi/Bureau/RESEAU_CAPTEURS/PRJ Eduardo/WORKSPACE_RESCAPT_SW4STM32/rescapt/CMSIS/device" -I"/home/e2021/j1saghbi/Bureau/RESEAU_CAPTEURS/PRJ Eduardo/WORKSPACE_RESCAPT_SW4STM32/rescapt/CMSIS/core" -I"/home/e2021/j1saghbi/Bureau/RESEAU_CAPTEURS/PRJ Eduardo/WORKSPACE_RESCAPT_SW4STM32/rescapt/HAL_Driver/Inc" -O0 -g3 -Wall -fmessage-length=0 -ffunction-sections -c -MMD -MP -MF"HAL_Driver/Src/stm32f1xx_hal_dac.d" -MT"HAL_Driver/Src/stm32f1xx_hal_dac.o" -o "HAL_Driver/Src/stm32f1xx_hal_dac.o" "../HAL_Driver/Src/stm32f1xx_hal_dac.c"
Finished building: ../HAL_Driver/Src/stm32f1xx_hal_adc_ex.c
 
Building file: ../HAL_Driver/Src/stm32f1xx_hal_dac_ex.c
Invoking: MCU GCC Compiler
/home/e2021/j1saghbi/Bureau/RESEAU_CAPTEURS/PRJ Eduardo/WORKSPACE_RESCAPT_SW4STM32/rescapt/Debug
arm-none-eabi-gcc -mcpu=cortex-m3 -mthumb -mfloat-abi=soft -DSTM32 -DSTM32F1 -DSTM32F103RBTx -DNUCLEO_F103RB -DDEBUG -DSTM32F103xB -DUSE_HAL_DRIVER -I"/home/e2021/j1saghbi/Bureau/RESEAU_CAPTEURS/PRJ Eduardo/WORKSPACE_RESCAPT_SW4STM32/rescapt/HAL_Driver/Inc/Legacy" -I"/home/e2021/j1saghbi/Bureau/RESEAU_CAPTEURS/PRJ Eduardo/WORKSPACE_RESCAPT_SW4STM32/rescapt/src/vl6180x" -I"/home/e2021/j1saghbi/Bureau/RESEAU_CAPTEURS/PRJ Eduardo/WORKSPACE_RESCAPT_SW4STM32/rescapt/Utilities/STM32F1xx_Nucleo" -I"/home/e2021/j1saghbi/Bureau/RESEAU_CAPTEURS/PRJ Eduardo/WORKSPACE_RESCAPT_SW4STM32/rescapt/inc" -I"/home/e2021/j1saghbi/Bureau/RESEAU_CAPTEURS/PRJ Eduardo/WORKSPACE_RESCAPT_SW4STM32/rescapt/CMSIS/device" -I"/home/e2021/j1saghbi/Bureau/RESEAU_CAPTEURS/PRJ Eduardo/WORKSPACE_RESCAPT_SW4STM32/rescapt/CMSIS/core" -I"/home/e2021/j1saghbi/Bureau/RESEAU_CAPTEURS/PRJ Eduardo/WORKSPACE_RESCAPT_SW4STM32/rescapt/HAL_Driver/Inc" -O0 -g3 -Wall -fmessage-length=0 -ffunction-sections -c -MMD -MP -MF"HAL_Driver/Src/stm32f1xx_hal_dac_ex.d" -MT"HAL_Driver/Src/stm32f1xx_hal_dac_ex.o" -o "HAL_Driver/Src/stm32f1xx_hal_dac_ex.o" "../HAL_Driver/Src/stm32f1xx_hal_dac_ex.c"
Finished building: ../HAL_Driver/Src/stm32f1xx_hal_cortex.c
 
Finished building: ../HAL_Driver/Src/stm32f1xx_hal_can.c
Building file: ../HAL_Driver/Src/stm32f1xx_hal_dma.c
 
Invoking: MCU GCC Compiler
Building file: ../HAL_Driver/Src/stm32f1xx_hal_eth.c
/home/e2021/j1saghbi/Bureau/RESEAU_CAPTEURS/PRJ Eduardo/WORKSPACE_RESCAPT_SW4STM32/rescapt/Debug
arm-none-eabi-gcc -mcpu=cortex-m3 -mthumb -mfloat-abi=soft -DSTM32 -DSTM32F1 -DSTM32F103RBTx -DNUCLEO_F103RB -DDEBUG -DSTM32F103xB -DUSE_HAL_DRIVER -I"/home/e2021/j1saghbi/Bureau/RESEAU_CAPTEURS/PRJ Eduardo/WORKSPACE_RESCAPT_SW4STM32/rescapt/HAL_Driver/Inc/Legacy" -I"/home/e2021/j1saghbi/Bureau/RESEAU_CAPTEURS/PRJ Eduardo/WORKSPACE_RESCAPT_SW4STM32/rescapt/src/vl6180x" -I"/home/e2021/j1saghbi/Bureau/RESEAU_CAPTEURS/PRJ Eduardo/WORKSPACE_RESCAPT_SW4STM32/rescapt/Utilities/STM32F1xx_Nucleo" -I"/home/e2021/j1saghbi/Bureau/RESEAU_CAPTEURS/PRJ Eduardo/WORKSPACE_RESCAPT_SW4STM32/rescapt/inc" -I"/home/e2021/j1saghbi/Bureau/RESEAU_CAPTEURS/PRJ Eduardo/WORKSPACE_RESCAPT_SW4STM32/rescapt/CMSIS/device" -I"/home/e2021/j1saghbi/Bureau/RESEAU_CAPTEURS/PRJ Eduardo/WORKSPACE_RESCAPT_SW4STM32/rescapt/CMSIS/core" -I"/home/e2021/j1saghbi/Bureau/RESEAU_CAPTEURS/PRJ Eduardo/WORKSPACE_RESCAPT_SW4STM32/rescapt/HAL_Driver/Inc" -O0 -g3 -Wall -fmessage-length=0 -ffunction-sections -c -MMD -MP -MF"HAL_Driver/Src/stm32f1xx_hal_dma.d" -MT"HAL_Driver/Src/stm32f1xx_hal_dma.o" -o "HAL_Driver/Src/stm32f1xx_hal_dma.o" "../HAL_Driver/Src/stm32f1xx_hal_dma.c"
Invoking: MCU GCC Compiler
/home/e2021/j1saghbi/Bureau/RESEAU_CAPTEURS/PRJ Eduardo/WORKSPACE_RESCAPT_SW4STM32/rescapt/Debug
arm-none-eabi-gcc -mcpu=cortex-m3 -mthumb -mfloat-abi=soft -DSTM32 -DSTM32F1 -DSTM32F103RBTx -DNUCLEO_F103RB -DDEBUG -DSTM32F103xB -DUSE_HAL_DRIVER -I"/home/e2021/j1saghbi/Bureau/RESEAU_CAPTEURS/PRJ Eduardo/WORKSPACE_RESCAPT_SW4STM32/rescapt/HAL_Driver/Inc/Legacy" -I"/home/e2021/j1saghbi/Bureau/RESEAU_CAPTEURS/PRJ Eduardo/WORKSPACE_RESCAPT_SW4STM32/rescapt/src/vl6180x" -I"/home/e2021/j1saghbi/Bureau/RESEAU_CAPTEURS/PRJ Eduardo/WORKSPACE_RESCAPT_SW4STM32/rescapt/Utilities/STM32F1xx_Nucleo" -I"/home/e2021/j1saghbi/Bureau/RESEAU_CAPTEURS/PRJ Eduardo/WORKSPACE_RESCAPT_SW4STM32/rescapt/inc" -I"/home/e2021/j1saghbi/Bureau/RESEAU_CAPTEURS/PRJ Eduardo/WORKSPACE_RESCAPT_SW4STM32/rescapt/CMSIS/device" -I"/home/e2021/j1saghbi/Bureau/RESEAU_CAPTEURS/PRJ Eduardo/WORKSPACE_RESCAPT_SW4STM32/rescapt/CMSIS/core" -I"/home/e2021/j1saghbi/Bureau/RESEAU_CAPTEURS/PRJ Eduardo/WORKSPACE_RESCAPT_SW4STM32/rescapt/HAL_Driver/Inc" -O0 -g3 -Wall -fmessage-length=0 -ffunction-sections -c -MMD -MP -MF"HAL_Driver/Src/stm32f1xx_hal_eth.d" -MT"HAL_Driver/Src/stm32f1xx_hal_eth.o" -o "HAL_Driver/Src/stm32f1xx_hal_eth.o" "../HAL_Driver/Src/stm32f1xx_hal_eth.c"
Finished building: ../HAL_Driver/Src/stm32f1xx_hal_adc.c
 
Building file: ../HAL_Driver/Src/stm32f1xx_hal_flash.c
Invoking: MCU GCC Compiler
/home/e2021/j1saghbi/Bureau/RESEAU_CAPTEURS/PRJ Eduardo/WORKSPACE_RESCAPT_SW4STM32/rescapt/Debug
arm-none-eabi-gcc -mcpu=cortex-m3 -mthumb -mfloat-abi=soft -DSTM32 -DSTM32F1 -DSTM32F103RBTx -DNUCLEO_F103RB -DDEBUG -DSTM32F103xB -DUSE_HAL_DRIVER -I"/home/e2021/j1saghbi/Bureau/RESEAU_CAPTEURS/PRJ Eduardo/WORKSPACE_RESCAPT_SW4STM32/rescapt/HAL_Driver/Inc/Legacy" -I"/home/e2021/j1saghbi/Bureau/RESEAU_CAPTEURS/PRJ Eduardo/WORKSPACE_RESCAPT_SW4STM32/rescapt/src/vl6180x" -I"/home/e2021/j1saghbi/Bureau/RESEAU_CAPTEURS/PRJ Eduardo/WORKSPACE_RESCAPT_SW4STM32/rescapt/Utilities/STM32F1xx_Nucleo" -I"/home/e2021/j1saghbi/Bureau/RESEAU_CAPTEURS/PRJ Eduardo/WORKSPACE_RESCAPT_SW4STM32/rescapt/inc" -I"/home/e2021/j1saghbi/Bureau/RESEAU_CAPTEURS/PRJ Eduardo/WORKSPACE_RESCAPT_SW4STM32/rescapt/CMSIS/device" -I"/home/e2021/j1saghbi/Bureau/RESEAU_CAPTEURS/PRJ Eduardo/WORKSPACE_RESCAPT_SW4STM32/rescapt/CMSIS/core" -I"/home/e2021/j1saghbi/Bureau/RESEAU_CAPTEURS/PRJ Eduardo/WORKSPACE_RESCAPT_SW4STM32/rescapt/HAL_Driver/Inc" -O0 -g3 -Wall -fmessage-length=0 -ffunction-sections -c -MMD -MP -MF"HAL_Driver/Src/stm32f1xx_hal_flash.d" -MT"HAL_Driver/Src/stm32f1xx_hal_flash.o" -o "HAL_Driver/Src/stm32f1xx_hal_flash.o" "../HAL_Driver/Src/stm32f1xx_hal_flash.c"
Finished building: ../HAL_Driver/Src/stm32f1xx_hal_dac.c
 
Building file: ../HAL_Driver/Src/stm32f1xx_hal_flash_ex.c
Invoking: MCU GCC Compiler
/home/e2021/j1saghbi/Bureau/RESEAU_CAPTEURS/PRJ Eduardo/WORKSPACE_RESCAPT_SW4STM32/rescapt/Debug
arm-none-eabi-gcc -mcpu=cortex-m3 -mthumb -mfloat-abi=soft -DSTM32 -DSTM32F1 -DSTM32F103RBTx -DNUCLEO_F103RB -DDEBUG -DSTM32F103xB -DUSE_HAL_DRIVER -I"/home/e2021/j1saghbi/Bureau/RESEAU_CAPTEURS/PRJ Eduardo/WORKSPACE_RESCAPT_SW4STM32/rescapt/HAL_Driver/Inc/Legacy" -I"/home/e2021/j1saghbi/Bureau/RESEAU_CAPTEURS/PRJ Eduardo/WORKSPACE_RESCAPT_SW4STM32/rescapt/src/vl6180x" -I"/home/e2021/j1saghbi/Bureau/RESEAU_CAPTEURS/PRJ Eduardo/WORKSPACE_RESCAPT_SW4STM32/rescapt/Utilities/STM32F1xx_Nucleo" -I"/home/e2021/j1saghbi/Bureau/RESEAU_CAPTEURS/PRJ Eduardo/WORKSPACE_RESCAPT_SW4STM32/rescapt/inc" -I"/home/e2021/j1saghbi/Bureau/RESEAU_CAPTEURS/PRJ Eduardo/WORKSPACE_RESCAPT_SW4STM32/rescapt/CMSIS/device" -I"/home/e2021/j1saghbi/Bureau/RESEAU_CAPTEURS/PRJ Eduardo/WORKSPACE_RESCAPT_SW4STM32/rescapt/CMSIS/core" -I"/home/e2021/j1saghbi/Bureau/RESEAU_CAPTEURS/PRJ Eduardo/WORKSPACE_RESCAPT_SW4STM32/rescapt/HAL_Driver/Inc" -O0 -g3 -Wall -fmessage-length=0 -ffunction-sections -c -MMD -MP -MF"HAL_Driver/Src/stm32f1xx_hal_flash_ex.d" -MT"HAL_Driver/Src/stm32f1xx_hal_flash_ex.o" -o "HAL_Driver/Src/stm32f1xx_hal_flash_ex.o" "../HAL_Driver/Src/stm32f1xx_hal_flash_ex.c"
Finished building: ../HAL_Driver/Src/stm32f1xx_hal_crc.c
 
Building file: ../HAL_Driver/Src/stm32f1xx_hal_gpio.c
Invoking: MCU GCC Compiler
/home/e2021/j1saghbi/Bureau/RESEAU_CAPTEURS/PRJ Eduardo/WORKSPACE_RESCAPT_SW4STM32/rescapt/Debug
arm-none-eabi-gcc -mcpu=cortex-m3 -mthumb -mfloat-abi=soft -DSTM32 -DSTM32F1 -DSTM32F103RBTx -DNUCLEO_F103RB -DDEBUG -DSTM32F103xB -DUSE_HAL_DRIVER -I"/home/e2021/j1saghbi/Bureau/RESEAU_CAPTEURS/PRJ Eduardo/WORKSPACE_RESCAPT_SW4STM32/rescapt/HAL_Driver/Inc/Legacy" -I"/home/e2021/j1saghbi/Bureau/RESEAU_CAPTEURS/PRJ Eduardo/WORKSPACE_RESCAPT_SW4STM32/rescapt/src/vl6180x" -I"/home/e2021/j1saghbi/Bureau/RESEAU_CAPTEURS/PRJ Eduardo/WORKSPACE_RESCAPT_SW4STM32/rescapt/Utilities/STM32F1xx_Nucleo" -I"/home/e2021/j1saghbi/Bureau/RESEAU_CAPTEURS/PRJ Eduardo/WORKSPACE_RESCAPT_SW4STM32/rescapt/inc" -I"/home/e2021/j1saghbi/Bureau/RESEAU_CAPTEURS/PRJ Eduardo/WORKSPACE_RESCAPT_SW4STM32/rescapt/CMSIS/device" -I"/home/e2021/j1saghbi/Bureau/RESEAU_CAPTEURS/PRJ Eduardo/WORKSPACE_RESCAPT_SW4STM32/rescapt/CMSIS/core" -I"/home/e2021/j1saghbi/Bureau/RESEAU_CAPTEURS/PRJ Eduardo/WORKSPACE_RESCAPT_SW4STM32/rescapt/HAL_Driver/Inc" -O0 -g3 -Wall -fmessage-length=0 -ffunction-sections -c -MMD -MP -MF"HAL_Driver/Src/stm32f1xx_hal_gpio.d" -MT"HAL_Driver/Src/stm32f1xx_hal_gpio.o" -o "HAL_Driver/Src/stm32f1xx_hal_gpio.o" "../HAL_Driver/Src/stm32f1xx_hal_gpio.c"
Finished building: ../HAL_Driver/Src/stm32f1xx_hal_eth.c
 
Building file: ../HAL_Driver/Src/stm32f1xx_hal_gpio_ex.c
Invoking: MCU GCC Compiler
/home/e2021/j1saghbi/Bureau/RESEAU_CAPTEURS/PRJ Eduardo/WORKSPACE_RESCAPT_SW4STM32/rescapt/Debug
[...]
Finished building: ../HAL_Driver/Src/stm32f1xx_hal_rcc.c
 
Building file: ../HAL_Driver/Src/stm32f1xx_hal_spi_ex.c
Invoking: MCU GCC Compiler
/home/e2021/j1saghbi/Bureau/RESEAU_CAPTEURS/PRJ Eduardo/WORKSPACE_RESCAPT_SW4STM32/rescapt/Debug
arm-none-eabi-gcc -mcpu=cortex-m3 -mthumb -mfloat-abi=soft -DSTM32 -DSTM32F1 -DSTM32F103RBTx -DNUCLEO_F103RB -DDEBUG -DSTM32F103xB -DUSE_HAL_DRIVER -I"/home/e2021/j1saghbi/Bureau/RESEAU_CAPTEURS/PRJ Eduardo/WORKSPACE_RESCAPT_SW4STM32/rescapt/HAL_Driver/Inc/Legacy" -I"/home/e2021/j1saghbi/Bureau/RESEAU_CAPTEURS/PRJ Eduardo/WORKSPACE_RESCAPT_SW4STM32/rescapt/src/vl6180x" -I"/home/e2021/j1saghbi/Bureau/RESEAU_CAPTEURS/PRJ Eduardo/WORKSPACE_RESCAPT_SW4STM32/rescapt/Utilities/STM32F1xx_Nucleo" -I"/home/e2021/j1saghbi/Bureau/RESEAU_CAPTEURS/PRJ Eduardo/WORKSPACE_RESCAPT_SW4STM32/rescapt/inc" -I"/home/e2021/j1saghbi/Bureau/RESEAU_CAPTEURS/PRJ Eduardo/WORKSPACE_RESCAPT_SW4STM32/rescapt/CMSIS/device" -I"/home/e2021/j1saghbi/Bureau/RESEAU_CAPTEURS/PRJ Eduardo/WORKSPACE_RESCAPT_SW4STM32/rescapt/CMSIS/core" -I"/home/e2021/j1saghbi/Bureau/RESEAU_CAPTEURS/PRJ Eduardo/WORKSPACE_RESCAPT_SW4STM32/rescapt/HAL_Driver/Inc" -O0 -g3 -Wall -fmessage-length=0 -ffunction-sections -c -MMD -MP -MF"HAL_Driver/Src/stm32f1xx_hal_spi_ex.d" -MT"HAL_Driver/Src/stm32f1xx_hal_spi_ex.o" -o "HAL_Driver/Src/stm32f1xx_hal_spi_ex.o" "../HAL_Driver/Src/stm32f1xx_hal_spi_ex.c"
Finished building: ../HAL_Driver/Src/stm32f1xx_hal_rtc.c
 
Building file: ../HAL_Driver/Src/stm32f1xx_hal_sram.c
Invoking: MCU GCC Compiler
/home/e2021/j1saghbi/Bureau/RESEAU_CAPTEURS/PRJ Eduardo/WORKSPACE_RESCAPT_SW4STM32/rescapt/Debug
arm-none-eabi-gcc -mcpu=cortex-m3 -mthumb -mfloat-abi=soft -DSTM32 -DSTM32F1 -DSTM32F103RBTx -DNUCLEO_F103RB -DDEBUG -DSTM32F103xB -DUSE_HAL_DRIVER -I"/home/e2021/j1saghbi/Bureau/RESEAU_CAPTEURS/PRJ Eduardo/WORKSPACE_RESCAPT_SW4STM32/rescapt/HAL_Driver/Inc/Legacy" -I"/home/e2021/j1saghbi/Bureau/RESEAU_CAPTEURS/PRJ Eduardo/WORKSPACE_RESCAPT_SW4STM32/rescapt/src/vl6180x" -I"/home/e2021/j1saghbi/Bureau/RESEAU_CAPTEURS/PRJ Eduardo/WORKSPACE_RESCAPT_SW4STM32/rescapt/Utilities/STM32F1xx_Nucleo" -I"/home/e2021/j1saghbi/Bureau/RESEAU_CAPTEURS/PRJ Eduardo/WORKSPACE_RESCAPT_SW4STM32/rescapt/inc" -I"/home/e2021/j1saghbi/Bureau/RESEAU_CAPTEURS/PRJ Eduardo/WORKSPACE_RESCAPT_SW4STM32/rescapt/CMSIS/device" -I"/home/e2021/j1saghbi/Bureau/RESEAU_CAPTEURS/PRJ Eduardo/WORKSPACE_RESCAPT_SW4STM32/rescapt/CMSIS/core" -I"/home/e2021/j1saghbi/Bureau/RESEAU_CAPTEURS/PRJ Eduardo/WORKSPACE_RESCAPT_SW4STM32/rescapt/HAL_Driver/Inc" -O0 -g3 -Wall -fmessage-length=0 -ffunction-sections -c -MMD -MP -MF"HAL_Driver/Src/stm32f1xx_hal_sram.d" -MT"HAL_Driver/Src/stm32f1xx_hal_sram.o" -o "HAL_Driver/Src/stm32f1xx_hal_sram.o" "../HAL_Driver/Src/stm32f1xx_hal_sram.c"
Finished building: ../HAL_Driver/Src/stm32f1xx_hal_spi_ex.c
 
Building file: ../HAL_Driver/Src/stm32f1xx_hal_tim.c
Invoking: MCU GCC Compiler
/home/e2021/j1saghbi/Bureau/RESEAU_CAPTEURS/PRJ Eduardo/WORKSPACE_RESCAPT_SW4STM32/rescapt/Debug
arm-none-eabi-gcc -mcpu=cortex-m3 -mthumb -mfloat-abi=soft -DSTM32 -DSTM32F1 -DSTM32F103RBTx -DNUCLEO_F103RB -DDEBUG -DSTM32F103xB -DUSE_HAL_DRIVER -I"/home/e2021/j1saghbi/Bureau/RESEAU_CAPTEURS/PRJ Eduardo/WORKSPACE_RESCAPT_SW4STM32/rescapt/HAL_Driver/Inc/Legacy" -I"/home/e2021/j1saghbi/Bureau/RESEAU_CAPTEURS/PRJ Eduardo/WORKSPACE_RESCAPT_SW4STM32/rescapt/src/vl6180x" -I"/home/e2021/j1saghbi/Bureau/RESEAU_CAPTEURS/PRJ Eduardo/WORKSPACE_RESCAPT_SW4STM32/rescapt/Utilities/STM32F1xx_Nucleo" -I"/home/e2021/j1saghbi/Bureau/RESEAU_CAPTEURS/PRJ Eduardo/WORKSPACE_RESCAPT_SW4STM32/rescapt/inc" -I"/home/e2021/j1saghbi/Bureau/RESEAU_CAPTEURS/PRJ Eduardo/WORKSPACE_RESCAPT_SW4STM32/rescapt/CMSIS/device" -I"/home/e2021/j1saghbi/Bureau/RESEAU_CAPTEURS/PRJ Eduardo/WORKSPACE_RESCAPT_SW4STM32/rescapt/CMSIS/core" -I"/home/e2021/j1saghbi/Bureau/RESEAU_CAPTEURS/PRJ Eduardo/WORKSPACE_RESCAPT_SW4STM32/rescapt/HAL_Driver/Inc" -O0 -g3 -Wall -fmessage-length=0 -ffunction-sections -c -MMD -MP -MF"HAL_Driver/Src/stm32f1xx_hal_tim.d" -MT"HAL_Driver/Src/stm32f1xx_hal_tim.o" -o "HAL_Driver/Src/stm32f1xx_hal_tim.o" "../HAL_Driver/Src/stm32f1xx_hal_tim.c"
Finished building: ../HAL_Driver/Src/stm32f1xx_hal_sd.c
 
Building file: ../HAL_Driver/Src/stm32f1xx_hal_tim_ex.c
Invoking: MCU GCC Compiler
/home/e2021/j1saghbi/Bureau/RESEAU_CAPTEURS/PRJ Eduardo/WORKSPACE_RESCAPT_SW4STM32/rescapt/Debug
arm-none-eabi-gcc -mcpu=cortex-m3 -mthumb -mfloat-abi=soft -DSTM32 -DSTM32F1 -DSTM32F103RBTx -DNUCLEO_F103RB -DDEBUG -DSTM32F103xB -DUSE_HAL_DRIVER -I"/home/e2021/j1saghbi/Bureau/RESEAU_CAPTEURS/PRJ Eduardo/WORKSPACE_RESCAPT_SW4STM32/rescapt/HAL_Driver/Inc/Legacy" -I"/home/e2021/j1saghbi/Bureau/RESEAU_CAPTEURS/PRJ Eduardo/WORKSPACE_RESCAPT_SW4STM32/rescapt/src/vl6180x" -I"/home/e2021/j1saghbi/Bureau/RESEAU_CAPTEURS/PRJ Eduardo/WORKSPACE_RESCAPT_SW4STM32/rescapt/Utilities/STM32F1xx_Nucleo" -I"/home/e2021/j1saghbi/Bureau/RESEAU_CAPTEURS/PRJ Eduardo/WORKSPACE_RESCAPT_SW4STM32/rescapt/inc" -I"/home/e2021/j1saghbi/Bureau/RESEAU_CAPTEURS/PRJ Eduardo/WORKSPACE_RESCAPT_SW4STM32/rescapt/CMSIS/device" -I"/home/e2021/j1saghbi/Bureau/RESEAU_CAPTEURS/PRJ Eduardo/WORKSPACE_RESCAPT_SW4STM32/rescapt/CMSIS/core" -I"/home/e2021/j1saghbi/Bureau/RESEAU_CAPTEURS/PRJ Eduardo/WORKSPACE_RESCAPT_SW4STM32/rescapt/HAL_Driver/Inc" -O0 -g3 -Wall -fmessage-length=0 -ffunction-sections -c -MMD -MP -MF"HAL_Driver/Src/stm32f1xx_hal_tim_ex.d" -MT"HAL_Driver/Src/stm32f1xx_hal_tim_ex.o" -o "HAL_Driver/Src/stm32f1xx_hal_tim_ex.o" "../HAL_Driver/Src/stm32f1xx_hal_tim_ex.c"
Finished building: ../HAL_Driver/Src/stm32f1xx_hal_rtc_ex.c
 
Building file: ../HAL_Driver/Src/stm32f1xx_hal_uart.c
Invoking: MCU GCC Compiler
/home/e2021/j1saghbi/Bureau/RESEAU_CAPTEURS/PRJ Eduardo/WORKSPACE_RESCAPT_SW4STM32/rescapt/Debug
arm-none-eabi-gcc -mcpu=cortex-m3 -mthumb -mfloat-abi=soft -DSTM32 -DSTM32F1 -DSTM32F103RBTx -DNUCLEO_F103RB -DDEBUG -DSTM32F103xB -DUSE_HAL_DRIVER -I"/home/e2021/j1saghbi/Bureau/RESEAU_CAPTEURS/PRJ Eduardo/WORKSPACE_RESCAPT_SW4STM32/rescapt/HAL_Driver/Inc/Legacy" -I"/home/e2021/j1saghbi/Bureau/RESEAU_CAPTEURS/PRJ Eduardo/WORKSPACE_RESCAPT_SW4STM32/rescapt/src/vl6180x" -I"/home/e2021/j1saghbi/Bureau/RESEAU_CAPTEURS/PRJ Eduardo/WORKSPACE_RESCAPT_SW4STM32/rescapt/Utilities/STM32F1xx_Nucleo" -I"/home/e2021/j1saghbi/Bureau/RESEAU_CAPTEURS/PRJ Eduardo/WORKSPACE_RESCAPT_SW4STM32/rescapt/inc" -I"/home/e2021/j1saghbi/Bureau/RESEAU_CAPTEURS/PRJ Eduardo/WORKSPACE_RESCAPT_SW4STM32/rescapt/CMSIS/device" -I"/home/e2021/j1saghbi/Bureau/RESEAU_CAPTEURS/PRJ Eduardo/WORKSPACE_RESCAPT_SW4STM32/rescapt/CMSIS/core" -I"/home/e2021/j1saghbi/Bureau/RESEAU_CAPTEURS/PRJ Eduardo/WORKSPACE_RESCAPT_SW4STM32/rescapt/HAL_Driver/Inc" -O0 -g3 -Wall -fmessage-length=0 -ffunction-sections -c -MMD -MP -MF"HAL_Driver/Src/stm32f1xx_hal_uart.d" -MT"HAL_Driver/Src/stm32f1xx_hal_uart.o" -o "HAL_Driver/Src/stm32f1xx_hal_uart.o" "../HAL_Driver/Src/stm32f1xx_hal_uart.c"
Finished building: ../HAL_Driver/Src/stm32f1xx_hal_smartcard.c
 
Building file: ../HAL_Driver/Src/stm32f1xx_hal_usart.c
Invoking: MCU GCC Compiler
/home/e2021/j1saghbi/Bureau/RESEAU_CAPTEURS/PRJ Eduardo/WORKSPACE_RESCAPT_SW4STM32/rescapt/Debug
arm-none-eabi-gcc -mcpu=cortex-m3 -mthumb -mfloat-abi=soft -DSTM32 -DSTM32F1 -DSTM32F103RBTx -DNUCLEO_F103RB -DDEBUG -DSTM32F103xB -DUSE_HAL_DRIVER -I"/home/e2021/j1saghbi/Bureau/RESEAU_CAPTEURS/PRJ Eduardo/WORKSPACE_RESCAPT_SW4STM32/rescapt/HAL_Driver/Inc/Legacy" -I"/home/e2021/j1saghbi/Bureau/RESEAU_CAPTEURS/PRJ Eduardo/WORKSPACE_RESCAPT_SW4STM32/rescapt/src/vl6180x" -I"/home/e2021/j1saghbi/Bureau/RESEAU_CAPTEURS/PRJ Eduardo/WORKSPACE_RESCAPT_SW4STM32/rescapt/Utilities/STM32F1xx_Nucleo" -I"/home/e2021/j1saghbi/Bureau/RESEAU_CAPTEURS/PRJ Eduardo/WORKSPACE_RESCAPT_SW4STM32/rescapt/inc" -I"/home/e2021/j1saghbi/Bureau/RESEAU_CAPTEURS/PRJ Eduardo/WORKSPACE_RESCAPT_SW4STM32/rescapt/CMSIS/device" -I"/home/e2021/j1saghbi/Bureau/RESEAU_CAPTEURS/PRJ Eduardo/WORKSPACE_RESCAPT_SW4STM32/rescapt/CMSIS/core" -I"/home/e2021/j1saghbi/Bureau/RESEAU_CAPTEURS/PRJ Eduardo/WORKSPACE_RESCAPT_SW4STM32/rescapt/HAL_Driver/Inc" -O0 -g3 -Wall -fmessage-length=0 -ffunction-sections -c -MMD -MP -MF"HAL_Driver/Src/stm32f1xx_hal_usart.d" -MT"HAL_Driver/Src/stm32f1xx_hal_usart.o" -o "HAL_Driver/Src/stm32f1xx_hal_usart.o" "../HAL_Driver/Src/stm32f1xx_hal_usart.c"
Finished building: ../HAL_Driver/Src/stm32f1xx_hal_spi.c
 
Building file: ../HAL_Driver/Src/stm32f1xx_hal_wwdg.c
Invoking: MCU GCC Compiler
/home/e2021/j1saghbi/Bureau/RESEAU_CAPTEURS/PRJ Eduardo/WORKSPACE_RESCAPT_SW4STM32/rescapt/Debug
arm-none-eabi-gcc -mcpu=cortex-m3 -mthumb -mfloat-abi=soft -DSTM32 -DSTM32F1 -DSTM32F103RBTx -DNUCLEO_F103RB -DDEBUG -DSTM32F103xB -DUSE_HAL_DRIVER -I"/home/e2021/j1saghbi/Bureau/RESEAU_CAPTEURS/PRJ Eduardo/WORKSPACE_RESCAPT_SW4STM32/rescapt/HAL_Driver/Inc/Legacy" -I"/home/e2021/j1saghbi/Bureau/RESEAU_CAPTEURS/PRJ Eduardo/WORKSPACE_RESCAPT_SW4STM32/rescapt/src/vl6180x" -I"/home/e2021/j1saghbi/Bureau/RESEAU_CAPTEURS/PRJ Eduardo/WORKSPACE_RESCAPT_SW4STM32/rescapt/Utilities/STM32F1xx_Nucleo" -I"/home/e2021/j1saghbi/Bureau/RESEAU_CAPTEURS/PRJ Eduardo/WORKSPACE_RESCAPT_SW4STM32/rescapt/inc" -I"/home/e2021/j1saghbi/Bureau/RESEAU_CAPTEURS/PRJ Eduardo/WORKSPACE_RESCAPT_SW4STM32/rescapt/CMSIS/device" -I"/home/e2021/j1saghbi/Bureau/RESEAU_CAPTEURS/PRJ Eduardo/WORKSPACE_RESCAPT_SW4STM32/rescapt/CMSIS/core" -I"/home/e2021/j1saghbi/Bureau/RESEAU_CAPTEURS/PRJ Eduardo/WORKSPACE_RESCAPT_SW4STM32/rescapt/HAL_Driver/Inc" -O0 -g3 -Wall -fmessage-length=0 -ffunction-sections -c -MMD -MP -MF"HAL_Driver/Src/stm32f1xx_hal_wwdg.d" -MT"HAL_Driver/Src/stm32f1xx_hal_wwdg.o" -o "HAL_Driver/Src/stm32f1xx_hal_wwdg.o" "../HAL_Driver/Src/stm32f1xx_hal_wwdg.c"
Finished building: ../HAL_Driver/Src/stm32f1xx_hal_sram.c
 
Building file: ../HAL_Driver/Src/stm32f1xx_ll_fsmc.c
Invoking: MCU GCC Compiler
/home/e2021/j1saghbi/Bureau/RESEAU_CAPTEURS/PRJ Eduardo/WORKSPACE_RESCAPT_SW4STM32/rescapt/Debug
arm-none-eabi-gcc -mcpu=cortex-m3 -mthumb -mfloat-abi=soft -DSTM32 -DSTM32F1 -DSTM32F103RBTx -DNUCLEO_F103RB -DDEBUG -DSTM32F103xB -DUSE_HAL_DRIVER -I"/home/e2021/j1saghbi/Bureau/RESEAU_CAPTEURS/PRJ Eduardo/WORKSPACE_RESCAPT_SW4STM32/rescapt/HAL_Driver/Inc/Legacy" -I"/home/e2021/j1saghbi/Bureau/RESEAU_CAPTEURS/PRJ Eduardo/WORKSPACE_RESCAPT_SW4STM32/rescapt/src/vl6180x" -I"/home/e2021/j1saghbi/Bureau/RESEAU_CAPTEURS/PRJ Eduardo/WORKSPACE_RESCAPT_SW4STM32/rescapt/Utilities/STM32F1xx_Nucleo" -I"/home/e2021/j1saghbi/Bureau/RESEAU_CAPTEURS/PRJ Eduardo/WORKSPACE_RESCAPT_SW4STM32/rescapt/inc" -I"/home/e2021/j1saghbi/Bureau/RESEAU_CAPTEURS/PRJ Eduardo/WORKSPACE_RESCAPT_SW4STM32/rescapt/CMSIS/device" -I"/home/e2021/j1saghbi/Bureau/RESEAU_CAPTEURS/PRJ Eduardo/WORKSPACE_RESCAPT_SW4STM32/rescapt/CMSIS/core" -I"/home/e2021/j1saghbi/Bureau/RESEAU_CAPTEURS/PRJ Eduardo/WORKSPACE_RESCAPT_SW4STM32/rescapt/HAL_Driver/Inc" -O0 -g3 -Wall -fmessage-length=0 -ffunction-sections -c -MMD -MP -MF"HAL_Driver/Src/stm32f1xx_ll_fsmc.d" -MT"HAL_Driver/Src/stm32f1xx_ll_fsmc.o" -o "HAL_Driver/Src/stm32f1xx_ll_fsmc.o" "../HAL_Driver/Src/stm32f1xx_ll_fsmc.c"
Finished building: ../HAL_Driver/Src/stm32f1xx_hal_tim_ex.c
 
Building file: ../HAL_Driver/Src/stm32f1xx_ll_sdmmc.c
Invoking: MCU GCC Compiler
/home/e2021/j1saghbi/Bureau/RESEAU_CAPTEURS/PRJ Eduardo/WORKSPACE_RESCAPT_SW4STM32/rescapt/Debug
arm-none-eabi-gcc -mcpu=cortex-m3 -mthumb -mfloat-abi=soft -DSTM32 -DSTM32F1 -DSTM32F103RBTx -DNUCLEO_F103RB -DDEBUG -DSTM32F103xB -DUSE_HAL_DRIVER -I"/home/e2021/j1saghbi/Bureau/RESEAU_CAPTEURS/PRJ Eduardo/WORKSPACE_RESCAPT_SW4STM32/rescapt/HAL_Driver/Inc/Legacy" -I"/home/e2021/j1saghbi/Bureau/RESEAU_CAPTEURS/PRJ Eduardo/WORKSPACE_RESCAPT_SW4STM32/rescapt/src/vl6180x" -I"/home/e2021/j1saghbi/Bureau/RESEAU_CAPTEURS/PRJ Eduardo/WORKSPACE_RESCAPT_SW4STM32/rescapt/Utilities/STM32F1xx_Nucleo" -I"/home/e2021/j1saghbi/Bureau/RESEAU_CAPTEURS/PRJ Eduardo/WORKSPACE_RESCAPT_SW4STM32/rescapt/inc" -I"/home/e2021/j1saghbi/Bureau/RESEAU_CAPTEURS/PRJ Eduardo/WORKSPACE_RESCAPT_SW4STM32/rescapt/CMSIS/device" -I"/home/e2021/j1saghbi/Bureau/RESEAU_CAPTEURS/PRJ Eduardo/WORKSPACE_RESCAPT_SW4STM32/rescapt/CMSIS/core" -I"/home/e2021/j1saghbi/Bureau/RESEAU_CAPTEURS/PRJ Eduardo/WORKSPACE_RESCAPT_SW4STM32/rescapt/HAL_Driver/Inc" -O0 -g3 -Wall -fmessage-length=0 -ffunction-sections -c -MMD -MP -MF"HAL_Driver/Src/stm32f1xx_ll_sdmmc.d" -MT"HAL_Driver/Src/stm32f1xx_ll_sdmmc.o" -o "HAL_Driver/Src/stm32f1xx_ll_sdmmc.o" "../HAL_Driver/Src/stm32f1xx_ll_sdmmc.c"
Finished building: ../HAL_Driver/Src/stm32f1xx_hal_wwdg.c
 
make: stat: /home/e2021/e1marchi/Documents/Bus Can/WORKSPACE_RESCAPT_SW4STM32/rescapt/HAL_Driver/Inc/stm32f1xx_ll_rcc.h : Permission denied
Building file: ../HAL_Driver/Src/stm32f1xx_ll_usb.c
make: stat: /home/e2021/e1marchi/Documents/Bus Can/WORKSPACE_RESCAPT_SW4STM32/rescapt/HAL_Driver/Inc/stm32f1xx_ll_utils.h : Permission denied
make: stat: /home/e2021/e1marchi/Documents/Bus Can/WORKSPACE_RESCAPT_SW4STM32/rescapt/HAL_Driver/Inc/stm32f1xx_ll_system.h : Permission denied
Invoking: MCU GCC Compiler
/home/e2021/j1saghbi/Bureau/RESEAU_CAPTEURS/PRJ Eduardo/WORKSPACE_RESCAPT_SW4STM32/rescapt/Debug
arm-none-eabi-gcc -mcpu=cortex-m3 -mthumb -mfloat-abi=soft -DSTM32 -DSTM32F1 -DSTM32F103RBTx -DNUCLEO_F103RB -DDEBUG -DSTM32F103xB -DUSE_HAL_DRIVER -I"/home/e2021/j1saghbi/Bureau/RESEAU_CAPTEURS/PRJ Eduardo/WORKSPACE_RESCAPT_SW4STM32/rescapt/HAL_Driver/Inc/Legacy" -I"/home/e2021/j1saghbi/Bureau/RESEAU_CAPTEURS/PRJ Eduardo/WORKSPACE_RESCAPT_SW4STM32/rescapt/src/vl6180x" -I"/home/e2021/j1saghbi/Bureau/RESEAU_CAPTEURS/PRJ Eduardo/WORKSPACE_RESCAPT_SW4STM32/rescapt/Utilities/STM32F1xx_Nucleo" -I"/home/e2021/j1saghbi/Bureau/RESEAU_CAPTEURS/PRJ Eduardo/WORKSPACE_RESCAPT_SW4STM32/rescapt/inc" -I"/home/e2021/j1saghbi/Bureau/RESEAU_CAPTEURS/PRJ Eduardo/WORKSPACE_RESCAPT_SW4STM32/rescapt/CMSIS/device" -I"/home/e2021/j1saghbi/Bureau/RESEAU_CAPTEURS/PRJ Eduardo/WORKSPACE_RESCAPT_SW4STM32/rescapt/CMSIS/core" -I"/home/e2021/j1saghbi/Bureau/RESEAU_CAPTEURS/PRJ Eduardo/WORKSPACE_RESCAPT_SW4STM32/rescapt/HAL_Driver/Inc" -O0 -g3 -Wall -fmessage-length=0 -ffunction-sections -c -MMD -MP -MF"HAL_Driver/Src/stm32f1xx_ll_usb.d" -MT"HAL_Driver/Src/stm32f1xx_ll_usb.o" -o "HAL_Driver/Src/stm32f1xx_ll_usb.o" "../HAL_Driver/Src/stm32f1xx_ll_usb.c"
Finished building: ../HAL_Driver/Src/stm32f1xx_hal_usart.c
 
Building file: ../HAL_Driver/Src/stm32f1xx_ll_utils.c
Finished building: ../HAL_Driver/Src/stm32f1xx_hal_uart.c
Invoking: MCU GCC Compiler
 
/home/e2021/j1saghbi/Bureau/RESEAU_CAPTEURS/PRJ Eduardo/WORKSPACE_RESCAPT_SW4STM32/rescapt/Debug
arm-none-eabi-gcc -mcpu=cortex-m3 -mthumb -mfloat-abi=soft -DSTM32 -DSTM32F1 -DSTM32F103RBTx -DNUCLEO_F103RB -DDEBUG -DSTM32F103xB -DUSE_HAL_DRIVER -I"/home/e2021/j1saghbi/Bureau/RESEAU_CAPTEURS/PRJ Eduardo/WORKSPACE_RESCAPT_SW4STM32/rescapt/HAL_Driver/Inc/Legacy" -I"/home/e2021/j1saghbi/Bureau/RESEAU_CAPTEURS/PRJ Eduardo/WORKSPACE_RESCAPT_SW4STM32/rescapt/src/vl6180x" -I"/home/e2021/j1saghbi/Bureau/RESEAU_CAPTEURS/PRJ Eduardo/WORKSPACE_RESCAPT_SW4STM32/rescapt/Utilities/STM32F1xx_Nucleo" -I"/home/e2021/j1saghbi/Bureau/RESEAU_CAPTEURS/PRJ Eduardo/WORKSPACE_RESCAPT_SW4STM32/rescapt/inc" -I"/home/e2021/j1saghbi/Bureau/RESEAU_CAPTEURS/PRJ Eduardo/WORKSPACE_RESCAPT_SW4STM32/rescapt/CMSIS/device" -I"/home/e2021/j1saghbi/Bureau/RESEAU_CAPTEURS/PRJ Eduardo/WORKSPACE_RESCAPT_SW4STM32/rescapt/CMSIS/core" -I"/home/e2021/j1saghbi/Bureau/RESEAU_CAPTEURS/PRJ Eduardo/WORKSPACE_RESCAPT_SW4STM32/rescapt/HAL_Driver/Inc" -O0 -g3 -Wall -fmessage-length=0 -ffunction-sections -c -MMD -MP -MF"HAL_Driver/Src/stm32f1xx_ll_utils.d" -MT"HAL_Driver/Src/stm32f1xx_ll_utils.o" -o "HAL_Driver/Src/stm32f1xx_ll_utils.o" "../HAL_Driver/Src/stm32f1xx_ll_utils.c"
Finished building: ../HAL_Driver/Src/stm32f1xx_hal_tim.c
Finished building: ../HAL_Driver/Src/stm32f1xx_ll_fsmc.c
 
 
Finished building: ../HAL_Driver/Src/stm32f1xx_ll_sdmmc.c
 
Finished building: ../HAL_Driver/Src/stm32f1xx_ll_usb.c
 
Finished building: ../HAL_Driver/Src/stm32f1xx_ll_utils.c
 
Building target: rescapt.elf
Invoking: MCU GCC Linker
arm-none-eabi-gcc -mcpu=cortex-m3 -mthumb -mfloat-abi=soft -T"/home/e2021/j1saghbi/Bureau/RESEAU_CAPTEURS/PRJ Eduardo/WORKSPACE_RESCAPT_SW4STM32/rescapt/LinkerScript.ld" -Wl,-Map=output.map -Wl,--gc-sections -o "rescapt.elf" @"objects.list"   -lm
Finished building target: rescapt.elf
 
make --no-print-directory post-build
Generating binary and Printing size information:
arm-none-eabi-objcopy -O binary "rescapt.elf" "rescapt.bin"
arm-none-eabi-size "rescapt.elf"
   text	   data	    bss	    dec	    hex	filename
  64004	   2772	   2904	  69680	  11030	rescapt.elf
 
15:35:28 **** Programming project rescapt on chip ****
/local/Ac6/SystemWorkbench/plugins/fr.ac6.mcu.externaltools.openocd.linux64_1.23.0.201904120827/tools/openocd/bin/openocd -f stm32.flash.6026287779517977962.cfg -s "/home/e2021/j1saghbi/Bureau/RESEAU_CAPTEURS/PRJ Eduardo/WORKSPACE_RESCAPT_SW4STM32/rescapt" -s /local/Ac6/SystemWorkbench/plugins/fr.ac6.mcu.debug_2.5.0.201904120827/resources/openocd/st_scripts -c "program Debug/rescapt.elf verify " -c shutdown 
Open On-Chip Debugger 0.10.0+dev-00021-g524e8c8 (2019-04-12-08:33)
Licensed under GNU GPL v2
For bug reports, read
	http://openocd.org/doc/doxygen/bugs.html
srst_only separate srst_nogate srst_open_drain connect_assert_srst
Info : The selected transport took over low-level target control. The results might differ compared to plain JTAG/SWD
adapter speed: 8000 kHz
adapter_nsrst_delay: 100
Info : clock speed 8000 kHz
Info : STLINK v2.1 JTAG v28 API v2 M17 VID 0x0483 PID 0x374B
Info : using stlink api v2
Info : Target voltage: 3.246689
Info : Unable to match requested speed 8000 kHz, using 4000 kHz
Info : Stlink adapter speed set to 4000 kHz
Info : STM32F103RBTx.cpu: hardware has 6 breakpoints, 4 watchpoints
Info : Listening on port 3333 for gdb connections
target halted due to debug-request, current mode: Thread 
xPSR: 0x01000000 pc: 0x08007a5c msp: 0x20005000
Info : Unable to match requested speed 8000 kHz, using 4000 kHz
Info : Stlink adapter speed set to 4000 kHz
Info : Unable to match requested speed 8000 kHz, using 4000 kHz
adapter speed: 4000 kHz
** Programming Started **
auto erase enabled
Info : device id = 0x20036410
Info : flash size = 128kbytes
target halted due to breakpoint, current mode: Thread 
xPSR: 0x61000000 pc: 0x2000003a msp: 0x20005000
wrote 67584 bytes from file Debug/rescapt.elf in 3.763861s (17.535 KiB/s)
** Programming Finished **
** Verify Started **
target halted due to breakpoint, current mode: Thread 
xPSR: 0x61000000 pc: 0x2000002e msp: 0x20005000
target halted due to breakpoint, current mode: Thread 
xPSR: 0x61000000 pc: 0x2000002e msp: 0x20005000
verified 66780 bytes in 0.970695s (67.184 KiB/s)
** Verified OK **
shutdown command invoked
15:39:29 **** Incremental Build of configuration Debug for project rescapt ****
make -j6 all 
make: rien à faire pour « all ».
15:45:12 **** Incremental Build of configuration Debug for project rescapt ****
make -j6 all 
make: rien à faire pour « all ».
15:45:17 **** Incremental Build of configuration Debug for project rescapt ****
make -j6 all 
make: rien à faire pour « all ».
15:46:30 **** Incremental Build of configuration Debug for project rescapt ****
make -j6 all 
make: rien à faire pour « all ».
